Archive member included to satisfy reference by file (symbol)

C:/ST/STM32CubeIDE_1.16.1/STM32CubeIDE/plugins/com.st.stm32cube.ide.mcu.externaltools.gnu-tools-for-stm32.12.3.rel1.win32_1.0.200.202406191623/tools/bin/../lib/gcc/arm-none-eabi/12.3.1/../../../../arm-none-eabi/lib/thumb/v7e-m+dp/hard\libc_nano.a(libc_a-exit.o)
                              C:/ST/STM32CubeIDE_1.16.1/STM32CubeIDE/plugins/com.st.stm32cube.ide.mcu.externaltools.gnu-tools-for-stm32.12.3.rel1.win32_1.0.200.202406191623/tools/bin/../lib/gcc/arm-none-eabi/12.3.1/../../../../arm-none-eabi/lib/thumb/v7e-m+dp/hard/crt0.o (exit)
C:/ST/STM32CubeIDE_1.16.1/STM32CubeIDE/plugins/com.st.stm32cube.ide.mcu.externaltools.gnu-tools-for-stm32.12.3.rel1.win32_1.0.200.202406191623/tools/bin/../lib/gcc/arm-none-eabi/12.3.1/../../../../arm-none-eabi/lib/thumb/v7e-m+dp/hard\libc_nano.a(libc_a-ctype_.o)
                              ./Core/Src/main.o (_ctype_)
C:/ST/STM32CubeIDE_1.16.1/STM32CubeIDE/plugins/com.st.stm32cube.ide.mcu.externaltools.gnu-tools-for-stm32.12.3.rel1.win32_1.0.200.202406191623/tools/bin/../lib/gcc/arm-none-eabi/12.3.1/../../../../arm-none-eabi/lib/thumb/v7e-m+dp/hard\libc_nano.a(libc_a-findfp.o)
                              C:/ST/STM32CubeIDE_1.16.1/STM32CubeIDE/plugins/com.st.stm32cube.ide.mcu.externaltools.gnu-tools-for-stm32.12.3.rel1.win32_1.0.200.202406191623/tools/bin/../lib/gcc/arm-none-eabi/12.3.1/../../../../arm-none-eabi/lib/thumb/v7e-m+dp/hard\libc_nano.a(libc_a-exit.o) (__stdio_exit_handler)
C:/ST/STM32CubeIDE_1.16.1/STM32CubeIDE/plugins/com.st.stm32cube.ide.mcu.externaltools.gnu-tools-for-stm32.12.3.rel1.win32_1.0.200.202406191623/tools/bin/../lib/gcc/arm-none-eabi/12.3.1/../../../../arm-none-eabi/lib/thumb/v7e-m+dp/hard\libc_nano.a(libc_a-fwalk.o)
                              C:/ST/STM32CubeIDE_1.16.1/STM32CubeIDE/plugins/com.st.stm32cube.ide.mcu.externaltools.gnu-tools-for-stm32.12.3.rel1.win32_1.0.200.202406191623/tools/bin/../lib/gcc/arm-none-eabi/12.3.1/../../../../arm-none-eabi/lib/thumb/v7e-m+dp/hard\libc_nano.a(libc_a-findfp.o) (_fwalk_sglue)
C:/ST/STM32CubeIDE_1.16.1/STM32CubeIDE/plugins/com.st.stm32cube.ide.mcu.externaltools.gnu-tools-for-stm32.12.3.rel1.win32_1.0.200.202406191623/tools/bin/../lib/gcc/arm-none-eabi/12.3.1/../../../../arm-none-eabi/lib/thumb/v7e-m+dp/hard\libc_nano.a(libc_a-stdio.o)
                              C:/ST/STM32CubeIDE_1.16.1/STM32CubeIDE/plugins/com.st.stm32cube.ide.mcu.externaltools.gnu-tools-for-stm32.12.3.rel1.win32_1.0.200.202406191623/tools/bin/../lib/gcc/arm-none-eabi/12.3.1/../../../../arm-none-eabi/lib/thumb/v7e-m+dp/hard\libc_nano.a(libc_a-findfp.o) (__sread)
C:/ST/STM32CubeIDE_1.16.1/STM32CubeIDE/plugins/com.st.stm32cube.ide.mcu.externaltools.gnu-tools-for-stm32.12.3.rel1.win32_1.0.200.202406191623/tools/bin/../lib/gcc/arm-none-eabi/12.3.1/../../../../arm-none-eabi/lib/thumb/v7e-m+dp/hard\libc_nano.a(libc_a-memset.o)
                              C:/ST/STM32CubeIDE_1.16.1/STM32CubeIDE/plugins/com.st.stm32cube.ide.mcu.externaltools.gnu-tools-for-stm32.12.3.rel1.win32_1.0.200.202406191623/tools/bin/../lib/gcc/arm-none-eabi/12.3.1/../../../../arm-none-eabi/lib/thumb/v7e-m+dp/hard/crt0.o (memset)
C:/ST/STM32CubeIDE_1.16.1/STM32CubeIDE/plugins/com.st.stm32cube.ide.mcu.externaltools.gnu-tools-for-stm32.12.3.rel1.win32_1.0.200.202406191623/tools/bin/../lib/gcc/arm-none-eabi/12.3.1/../../../../arm-none-eabi/lib/thumb/v7e-m+dp/hard\libc_nano.a(libc_a-closer.o)
                              C:/ST/STM32CubeIDE_1.16.1/STM32CubeIDE/plugins/com.st.stm32cube.ide.mcu.externaltools.gnu-tools-for-stm32.12.3.rel1.win32_1.0.200.202406191623/tools/bin/../lib/gcc/arm-none-eabi/12.3.1/../../../../arm-none-eabi/lib/thumb/v7e-m+dp/hard\libc_nano.a(libc_a-stdio.o) (_close_r)
C:/ST/STM32CubeIDE_1.16.1/STM32CubeIDE/plugins/com.st.stm32cube.ide.mcu.externaltools.gnu-tools-for-stm32.12.3.rel1.win32_1.0.200.202406191623/tools/bin/../lib/gcc/arm-none-eabi/12.3.1/../../../../arm-none-eabi/lib/thumb/v7e-m+dp/hard\libc_nano.a(libc_a-reent.o)
                              C:/ST/STM32CubeIDE_1.16.1/STM32CubeIDE/plugins/com.st.stm32cube.ide.mcu.externaltools.gnu-tools-for-stm32.12.3.rel1.win32_1.0.200.202406191623/tools/bin/../lib/gcc/arm-none-eabi/12.3.1/../../../../arm-none-eabi/lib/thumb/v7e-m+dp/hard\libc_nano.a(libc_a-closer.o) (errno)
C:/ST/STM32CubeIDE_1.16.1/STM32CubeIDE/plugins/com.st.stm32cube.ide.mcu.externaltools.gnu-tools-for-stm32.12.3.rel1.win32_1.0.200.202406191623/tools/bin/../lib/gcc/arm-none-eabi/12.3.1/../../../../arm-none-eabi/lib/thumb/v7e-m+dp/hard\libc_nano.a(libc_a-impure.o)
                              C:/ST/STM32CubeIDE_1.16.1/STM32CubeIDE/plugins/com.st.stm32cube.ide.mcu.externaltools.gnu-tools-for-stm32.12.3.rel1.win32_1.0.200.202406191623/tools/bin/../lib/gcc/arm-none-eabi/12.3.1/../../../../arm-none-eabi/lib/thumb/v7e-m+dp/hard\libc_nano.a(libc_a-reent.o) (_impure_ptr)
[...]
Memory Configuration

Name             Origin             Length             Attributes
ITCMRAM          0x00000000         0x00010000         xrw
DTCMRAM          0x20000000         0x00020000         xrw
FLASH            0x08000000         0x00100000         xr
RAM_D1           0x24000000         0x00050000         xrw
RAM_D2           0x30000000         0x00008000         xrw
RAM_D3           0x38000000         0x00004000         xrw
*default*        0x00000000         0xffffffff

Linker script and memory map

LOAD C:/ST/STM32CubeIDE_1.16.1/STM32CubeIDE/plugins/com.st.stm32cube.ide.mcu.externaltools.gnu-tools-for-stm32.12.3.rel1.win32_1.0.200.202406191623/tools/bin/../lib/gcc/arm-none-eabi/12.3.1/thumb/v7e-m+dp/hard/crti.o
LOAD C:/ST/STM32CubeIDE_1.16.1/STM32CubeIDE/plugins/com.st.stm32cube.ide.mcu.externaltools.gnu-tools-for-stm32.12.3.rel1.win32_1.0.200.202406191623/tools/bin/../lib/gcc/arm-none-eabi/12.3.1/thumb/v7e-m+dp/hard/crtbegin.o
LOAD C:/ST/STM32CubeIDE_1.16.1/STM32CubeIDE/plugins/com.st.stm32cube.ide.mcu.externaltools.gnu-tools-for-stm32.12.3.rel1.win32_1.0.200.202406191623/tools/bin/../lib/gcc/arm-none-eabi/12.3.1/../../../../arm-none-eabi/lib/thumb/v7e-m+dp/hard/crt0.o
LOAD ./Core/Src/main.o
LOAD ./Core/Src/stm32h7xx_hal_msp.o
LOAD ./Core/Src/stm32h7xx_it.o
LOAD ./Core/Src/syscalls.o
LOAD ./Core/Src/sysmem.o
LOAD ./Core/Src/usb_descriptors.o
LOAD ./Core/Startup/startup_stm32h723zgtx.o
LOAD ./Drivers/CMSIS/Device/ST/STM32H7xx/Source/Templates/system_stm32h7xx.o
LOAD ./Drivers/STM32H7xx_HAL_Driver/Src/stm32h7xx_hal.o
LOAD ./Drivers/STM32H7xx_HAL_Driver/Src/stm32h7xx_hal_cortex.o
LOAD ./Drivers/STM32H7xx_HAL_Driver/Src/stm32h7xx_hal_dma.o
LOAD ./Drivers/STM32H7xx_HAL_Driver/Src/stm32h7xx_hal_dma_ex.o
LOAD ./Drivers/STM32H7xx_HAL_Driver/Src/stm32h7xx_hal_exti.o
LOAD ./Drivers/STM32H7xx_HAL_Driver/Src/stm32h7xx_hal_flash.o
LOAD ./Drivers/STM32H7xx_HAL_Driver/Src/stm32h7xx_hal_flash_ex.o
LOAD ./Drivers/STM32H7xx_HAL_Driver/Src/stm32h7xx_hal_gpio.o
LOAD ./Drivers/STM32H7xx_HAL_Driver/Src/stm32h7xx_hal_hsem.o
LOAD ./Drivers/STM32H7xx_HAL_Driver/Src/stm32h7xx_hal_i2c.o
LOAD ./Drivers/STM32H7xx_HAL_Driver/Src/stm32h7xx_hal_i2c_ex.o
LOAD ./Drivers/STM32H7xx_HAL_Driver/Src/stm32h7xx_hal_mdma.o
LOAD ./Drivers/STM32H7xx_HAL_Driver/Src/stm32h7xx_hal_pcd.o
LOAD ./Drivers/STM32H7xx_HAL_Driver/Src/stm32h7xx_hal_pcd_ex.o
LOAD ./Drivers/STM32H7xx_HAL_Driver/Src/stm32h7xx_hal_pwr.o
LOAD ./Drivers/STM32H7xx_HAL_Driver/Src/stm32h7xx_hal_pwr_ex.o
LOAD ./Drivers/STM32H7xx_HAL_Driver/Src/stm32h7xx_hal_rcc.o
LOAD ./Drivers/STM32H7xx_HAL_Driver/Src/stm32h7xx_hal_rcc_ex.o
LOAD ./Drivers/STM32H7xx_HAL_Driver/Src/stm32h7xx_hal_tim.o
LOAD ./Drivers/STM32H7xx_HAL_Driver/Src/stm32h7xx_hal_tim_ex.o
LOAD ./Drivers/STM32H7xx_HAL_Driver/Src/stm32h7xx_hal_uart.o
LOAD ./Drivers/STM32H7xx_HAL_Driver/Src/stm32h7xx_hal_uart_ex.o
LOAD ./Drivers/STM32H7xx_HAL_Driver/Src/stm32h7xx_ll_usb.o
LOAD ./Libs/tinyusb/src/class/audio/audio_device.o
LOAD ./Libs/tinyusb/src/class/bth/bth_device.o
LOAD ./Libs/tinyusb/src/class/cdc/cdc_device.o
LOAD ./Libs/tinyusb/src/class/cdc/cdc_host.o
LOAD ./Libs/tinyusb/src/class/cdc/cdc_rndis_host.o
LOAD ./Libs/tinyusb/src/class/dfu/dfu_device.o
LOAD ./Libs/tinyusb/src/class/dfu/dfu_rt_device.o
LOAD ./Libs/tinyusb/src/class/hid/hid_device.o
LOAD ./Libs/tinyusb/src/class/hid/hid_host.o
LOAD ./Libs/tinyusb/src/class/midi/midi_device.o
LOAD ./Libs/tinyusb/src/class/msc/msc_device.o
LOAD ./Libs/tinyusb/src/class/msc/msc_host.o
LOAD ./Libs/tinyusb/src/class/net/ecm_rndis_device.o
LOAD ./Libs/tinyusb/src/class/net/ncm_device.o
LOAD ./Libs/tinyusb/src/class/usbtmc/usbtmc_device.o
LOAD ./Libs/tinyusb/src/class/vendor/vendor_device.o
LOAD ./Libs/tinyusb/src/class/vendor/vendor_host.o
LOAD ./Libs/tinyusb/src/class/video/video_device.o
LOAD ./Libs/tinyusb/src/common/tusb_fifo.o
LOAD ./Libs/tinyusb/src/device/usbd.o
LOAD ./Libs/tinyusb/src/device/usbd_control.o
LOAD ./Libs/tinyusb/src/host/hub.o
LOAD ./Libs/tinyusb/src/host/usbh.o
LOAD ./Libs/tinyusb/src/portable/analog/max3421/hcd_max3421.o
LOAD ./Libs/tinyusb/src/portable/bridgetek/ft9xx/dcd_ft9xx.o
LOAD ./Libs/tinyusb/src/portable/chipidea/ci_fs/dcd_ci_fs.o
LOAD ./Libs/tinyusb/src/portable/chipidea/ci_hs/dcd_ci_hs.o
LOAD ./Libs/tinyusb/src/portable/chipidea/ci_hs/hcd_ci_hs.o
LOAD ./Libs/tinyusb/src/portable/dialog/da146xx/dcd_da146xx.o
LOAD ./Libs/tinyusb/src/portable/ehci/ehci.o
LOAD ./Libs/tinyusb/src/portable/espressif/esp32sx/dcd_esp32sx.o
LOAD ./Libs/tinyusb/src/portable/mentor/musb/dcd_musb.o
LOAD ./Libs/tinyusb/src/portable/mentor/musb/hcd_musb.o
LOAD ./Libs/tinyusb/src/portable/microchip/pic/dcd_pic.o
LOAD ./Libs/tinyusb/src/portable/microchip/pic32mz/dcd_pic32mz.o
LOAD ./Libs/tinyusb/src/portable/microchip/samd/dcd_samd.o
LOAD ./Libs/tinyusb/src/portable/microchip/samg/dcd_samg.o
LOAD ./Libs/tinyusb/src/portable/microchip/samx7x/dcd_samx7x.o
LOAD ./Libs/tinyusb/src/portable/mindmotion/mm32/dcd_mm32f327x_otg.o
LOAD ./Libs/tinyusb/src/portable/nordic/nrf5x/dcd_nrf5x.o
LOAD ./Libs/tinyusb/src/portable/nuvoton/nuc120/dcd_nuc120.o
LOAD ./Libs/tinyusb/src/portable/nuvoton/nuc121/dcd_nuc121.o
LOAD ./Libs/tinyusb/src/portable/nuvoton/nuc505/dcd_nuc505.o
LOAD ./Libs/tinyusb/src/portable/nxp/khci/dcd_khci.o
LOAD ./Libs/tinyusb/src/portable/nxp/khci/hcd_khci.o
LOAD ./Libs/tinyusb/src/portable/nxp/lpc17_40/dcd_lpc17_40.o
LOAD ./Libs/tinyusb/src/portable/nxp/lpc17_40/hcd_lpc17_40.o
LOAD ./Libs/tinyusb/src/portable/nxp/lpc_ip3511/dcd_lpc_ip3511.o
LOAD ./Libs/tinyusb/src/portable/ohci/ohci.o
LOAD ./Libs/tinyusb/src/portable/raspberrypi/pio_usb/dcd_pio_usb.o
LOAD ./Libs/tinyusb/src/portable/raspberrypi/pio_usb/hcd_pio_usb.o
LOAD ./Libs/tinyusb/src/portable/raspberrypi/rp2040/dcd_rp2040.o
LOAD ./Libs/tinyusb/src/portable/raspberrypi/rp2040/hcd_rp2040.o
LOAD ./Libs/tinyusb/src/portable/raspberrypi/rp2040/rp2040_usb.o
LOAD ./Libs/tinyusb/src/portable/renesas/rusb2/dcd_rusb2.o
LOAD ./Libs/tinyusb/src/portable/renesas/rusb2/hcd_rusb2.o
LOAD ./Libs/tinyusb/src/portable/renesas/rusb2/rusb2_common.o
LOAD ./Libs/tinyusb/src/portable/sony/cxd56/dcd_cxd56.o
LOAD ./Libs/tinyusb/src/portable/st/stm32_fsdev/dcd_stm32_fsdev.o
LOAD ./Libs/tinyusb/src/portable/st/typec/typec_stm32.o
LOAD ./Libs/tinyusb/src/portable/sunxi/dcd_sunxi_musb.o
LOAD ./Libs/tinyusb/src/portable/synopsys/dwc2/dcd_dwc2.o
LOAD ./Libs/tinyusb/src/portable/synopsys/dwc2/dwc2_common.o
LOAD ./Libs/tinyusb/src/portable/synopsys/dwc2/hcd_dwc2.o
LOAD ./Libs/tinyusb/src/portable/template/dcd_template.o
LOAD ./Libs/tinyusb/src/portable/template/hcd_template.o
LOAD ./Libs/tinyusb/src/portable/ti/msp430x5xx/dcd_msp430x5xx.o
LOAD ./Libs/tinyusb/src/portable/valentyusb/eptri/dcd_eptri.o
LOAD ./Libs/tinyusb/src/portable/wch/dcd_ch32_usbfs.o
LOAD ./Libs/tinyusb/src/portable/wch/dcd_ch32_usbhs.o
LOAD ./Libs/tinyusb/src/tusb.o
LOAD ./Libs/tinyusb/src/typec/usbc.o
START GROUP
LOAD C:/ST/STM32CubeIDE_1.16.1/STM32CubeIDE/plugins/com.st.stm32cube.ide.mcu.externaltools.gnu-tools-for-stm32.12.3.rel1.win32_1.0.200.202406191623/tools/bin/../lib/gcc/arm-none-eabi/12.3.1/../../../../arm-none-eabi/lib/thumb/v7e-m+dp/hard\libc_nano.a
LOAD C:/ST/STM32CubeIDE_1.16.1/STM32CubeIDE/plugins/com.st.stm32cube.ide.mcu.externaltools.gnu-tools-for-stm32.12.3.rel1.win32_1.0.200.202406191623/tools/bin/../lib/gcc/arm-none-eabi/12.3.1/../../../../arm-none-eabi/lib/thumb/v7e-m+dp/hard\libm.a
END GROUP
START GROUP
LOAD C:/ST/STM32CubeIDE_1.16.1/STM32CubeIDE/plugins/com.st.stm32cube.ide.mcu.externaltools.gnu-tools-for-stm32.12.3.rel1.win32_1.0.200.202406191623/tools/bin/../lib/gcc/arm-none-eabi/12.3.1/thumb/v7e-m+dp/hard\libgcc.a
LOAD C:/ST/STM32CubeIDE_1.16.1/STM32CubeIDE/plugins/com.st.stm32cube.ide.mcu.externaltools.gnu-tools-for-stm32.12.3.rel1.win32_1.0.200.202406191623/tools/bin/../lib/gcc/arm-none-eabi/12.3.1/../../../../arm-none-eabi/lib/thumb/v7e-m+dp/hard\libc_nano.a
END GROUP
START GROUP
LOAD C:/ST/STM32CubeIDE_1.16.1/STM32CubeIDE/plugins/com.st.stm32cube.ide.mcu.externaltools.gnu-tools-for-stm32.12.3.rel1.win32_1.0.200.202406191623/tools/bin/../lib/gcc/arm-none-eabi/12.3.1/thumb/v7e-m+dp/hard\libgcc.a
LOAD C:/ST/STM32CubeIDE_1.16.1/STM32CubeIDE/plugins/com.st.stm32cube.ide.mcu.externaltools.gnu-tools-for-stm32.12.3.rel1.win32_1.0.200.202406191623/tools/bin/../lib/gcc/arm-none-eabi/12.3.1/../../../../arm-none-eabi/lib/thumb/v7e-m+dp/hard\libc_nano.a
LOAD C:/ST/STM32CubeIDE_1.16.1/STM32CubeIDE/plugins/com.st.stm32cube.ide.mcu.externaltools.gnu-tools-for-stm32.12.3.rel1.win32_1.0.200.202406191623/tools/bin/../lib/gcc/arm-none-eabi/12.3.1/../../../../arm-none-eabi/lib/thumb/v7e-m+dp/hard\libnosys.a
END GROUP
START GROUP
LOAD C:/ST/STM32CubeIDE_1.16.1/STM32CubeIDE/plugins/com.st.stm32cube.ide.mcu.externaltools.gnu-tools-for-stm32.12.3.rel1.win32_1.0.200.202406191623/tools/bin/../lib/gcc/arm-none-eabi/12.3.1/thumb/v7e-m+dp/hard\libgcc.a
LOAD C:/ST/STM32CubeIDE_1.16.1/STM32CubeIDE/plugins/com.st.stm32cube.ide.mcu.externaltools.gnu-tools-for-stm32.12.3.rel1.win32_1.0.200.202406191623/tools/bin/../lib/gcc/arm-none-eabi/12.3.1/../../../../arm-none-eabi/lib/thumb/v7e-m+dp/hard\libc_nano.a
LOAD C:/ST/STM32CubeIDE_1.16.1/STM32CubeIDE/plugins/com.st.stm32cube.ide.mcu.externaltools.gnu-tools-for-stm32.12.3.rel1.win32_1.0.200.202406191623/tools/bin/../lib/gcc/arm-none-eabi/12.3.1/../../../../arm-none-eabi/lib/thumb/v7e-m+dp/hard\libnosys.a
END GROUP
LOAD C:/ST/STM32CubeIDE_1.16.1/STM32CubeIDE/plugins/com.st.stm32cube.ide.mcu.externaltools.gnu-tools-for-stm32.12.3.rel1.win32_1.0.200.202406191623/tools/bin/../lib/gcc/arm-none-eabi/12.3.1/thumb/v7e-m+dp/hard/crtend.o
LOAD C:/ST/STM32CubeIDE_1.16.1/STM32CubeIDE/plugins/com.st.stm32cube.ide.mcu.externaltools.gnu-tools-for-stm32.12.3.rel1.win32_1.0.200.202406191623/tools/bin/../lib/gcc/arm-none-eabi/12.3.1/thumb/v7e-m+dp/hard/crtn.o
                0x24050000                        _estack = (ORIGIN (RAM_D1) + LENGTH (RAM_D1))
                0x00000200                        _Min_Heap_Size = 0x200
                0x00000400                        _Min_Stack_Size = 0x400

.isr_vector     0x08000000      0x2cc
                0x08000000                        . = ALIGN (0x4)
 *(.isr_vector)
 .isr_vector    0x08000000      0x2cc ./Core/Startup/startup_stm32h723zgtx.o
                0x08000000                g_pfnVectors
                0x080002cc                        . = ALIGN (0x4)

.text           0x080002cc     0xac88
                0x080002cc                        . = ALIGN (0x4)
 *(.text)
 .text          0x080002cc       0x40 C:/ST/STM32CubeIDE_1.16.1/STM32CubeIDE/plugins/com.st.stm32cube.ide.mcu.externaltools.gnu-tools-for-stm32.12.3.rel1.win32_1.0.200.202406191623/tools/bin/../lib/gcc/arm-none-eabi/12.3.1/thumb/v7e-m+dp/hard/crtbegin.o
 .text          0x0800030c       0x10 C:/ST/STM32CubeIDE_1.16.1/STM32CubeIDE/plugins/com.st.stm32cube.ide.mcu.externaltools.gnu-tools-for-stm32.12.3.rel1.win32_1.0.200.202406191623/tools/bin/../lib/gcc/arm-none-eabi/12.3.1/../../../../arm-none-eabi/lib/thumb/v7e-m+dp/hard\libc_nano.a(libc_a-strlen.o)
                0x0800030c                strlen
 .text          0x0800031c       0x30 C:/ST/STM32CubeIDE_1.16.1/STM32CubeIDE/plugins/com.st.stm32cube.ide.mcu.externaltools.gnu-tools-for-stm32.12.3.rel1.win32_1.0.200.202406191623/tools/bin/../lib/gcc/arm-none-eabi/12.3.1/thumb/v7e-m+dp/hard\libgcc.a(_aeabi_uldivmod.o)
                0x0800031c                __aeabi_uldivmod
 .text          0x0800034c      0x2bc C:/ST/STM32CubeIDE_1.16.1/STM32CubeIDE/plugins/com.st.stm32cube.ide.mcu.externaltools.gnu-tools-for-stm32.12.3.rel1.win32_1.0.200.202406191623/tools/bin/../lib/gcc/arm-none-eabi/12.3.1/thumb/v7e-m+dp/hard\libgcc.a(_udivmoddi4.o)
                0x0800034c                __udivmoddi4
 .text          0x08000608        0x4 C:/ST/STM32CubeIDE_1.16.1/STM32CubeIDE/plugins/com.st.stm32cube.ide.mcu.externaltools.gnu-tools-for-stm32.12.3.rel1.win32_1.0.200.202406191623/tools/bin/../lib/gcc/arm-none-eabi/12.3.1/thumb/v7e-m+dp/hard\libgcc.a(_dvmd_tls.o)
                0x08000608                __aeabi_idiv0
                0x08000608                __aeabi_ldiv0
 *(.text*)
 .text.echo_serial_port
                0x0800060c       0xbc ./Core/Src/main.o
 .text.tud_mount_cb
                0x080006c8        0xe ./Core/Src/main.o
                0x080006c8                tud_mount_cb
 .text.tud_umount_cb
                0x080006d6        0xe ./Core/Src/main.o
                0x080006d6                tud_umount_cb
 .text.cdc_task
                0x080006e4       0x62 ./Core/Src/main.o
 .text.main     0x08000746       0x46 ./Core/Src/main.o
                0x08000746                main
 .text.SystemClock_Config
                0x0800078c       0xe0 ./Core/Src/main.o
                0x0800078c                SystemClock_Config
 .text.MX_LPUART1_UART_Init
                0x0800086c       0x98 ./Core/Src/main.o
 .text.MX_USB_OTG_HS_PCD_Init
                0x08000904       0x64 ./Core/Src/main.o
 .text.MX_GPIO_Init
                0x08000968       0x54 ./Core/Src/main.o
 .text.Error_Handler
                0x080009bc        0xc ./Core/Src/main.o
                0x080009bc                Error_Handler
 .text.HAL_MspInit
                0x080009c8       0x34 ./Core/Src/stm32h7xx_hal_msp.o
                0x080009c8                HAL_MspInit
 .text.HAL_UART_MspInit
                0x080009fc       0xd4 ./Core/Src/stm32h7xx_hal_msp.o
                0x080009fc                HAL_UART_MspInit
 .text.HAL_PCD_MspInit
                0x08000ad0       0x8c ./Core/Src/stm32h7xx_hal_msp.o
                0x08000ad0                HAL_PCD_MspInit
 .text.NMI_Handler
                0x08000b5c        0x8 ./Core/Src/stm32h7xx_it.o
                0x08000b5c                NMI_Handler
 .text.HardFault_Handler
                0x08000b64        0x8 ./Core/Src/stm32h7xx_it.o
                0x08000b64                HardFault_Handler
 .text.MemManage_Handler
                0x08000b6c        0x8 ./Core/Src/stm32h7xx_it.o
                0x08000b6c                MemManage_Handler
 .text.BusFault_Handler
                0x08000b74        0x8 ./Core/Src/stm32h7xx_it.o
                0x08000b74                BusFault_Handler
 .text.UsageFault_Handler
                0x08000b7c        0x8 ./Core/Src/stm32h7xx_it.o
                0x08000b7c                UsageFault_Handler
 .text.SVC_Handler
                0x08000b84        0xe ./Core/Src/stm32h7xx_it.o
                0x08000b84                SVC_Handler
 .text.DebugMon_Handler
                0x08000b92        0xe ./Core/Src/stm32h7xx_it.o
                0x08000b92                DebugMon_Handler
 .text.PendSV_Handler
                0x08000ba0        0xe ./Core/Src/stm32h7xx_it.o
                0x08000ba0                PendSV_Handler
 .text.SysTick_Handler
                0x08000bae        0xc ./Core/Src/stm32h7xx_it.o
                0x08000bae                SysTick_Handler
 .text.OTG_HS_IRQHandler
                0x08000bba        0xe ./Core/Src/stm32h7xx_it.o
                0x08000bba                OTG_HS_IRQHandler
 .text.board_usb_get_serial
                0x08000bc8       0xd4 ./Core/Src/usb_descriptors.o
 .text.tud_descriptor_device_cb
                0x08000c9c       0x14 ./Core/Src/usb_descriptors.o
                0x08000c9c                tud_descriptor_device_cb
 .text.tud_descriptor_configuration_cb
                0x08000cb0       0x1c ./Core/Src/usb_descriptors.o
                0x08000cb0                tud_descriptor_configuration_cb
 .text.tud_descriptor_string_cb
                0x08000ccc       0xc0 ./Core/Src/usb_descriptors.o
                0x08000ccc                tud_descriptor_string_cb
 .text.Reset_Handler
                0x08000d8c       0x50 ./Core/Startup/startup_stm32h723zgtx.o
                0x08000d8c                Reset_Handler
 .text.Default_Handler
                0x08000ddc        0x2 ./Core/Startup/startup_stm32h723zgtx.o
                0x08000ddc                RTC_Alarm_IRQHandler
                0x08000ddc                EXTI2_IRQHandler
                0x08000ddc                TIM8_CC_IRQHandler
                0x08000ddc                UART8_IRQHandler
                0x08000ddc                SPI4_IRQHandler
                0x08000ddc                FDCAN3_IT0_IRQHandler
                0x08000ddc                TIM1_CC_IRQHandler
                0x08000ddc                BDMA_Channel6_IRQHandler
                0x08000ddc                DMA2_Stream5_IRQHandler
                0x08000ddc                DMA1_Stream5_IRQHandler
                0x08000ddc                CORDIC_IRQHandler
                0x08000ddc                BDMA_Channel1_IRQHandler
                0x08000ddc                TAMP_STAMP_IRQHandler
                0x08000ddc                EXTI3_IRQHandler
                0x08000ddc                LPTIM4_IRQHandler
                0x08000ddc                TIM8_TRG_COM_TIM14_IRQHandler
                0x08000ddc                LPTIM2_IRQHandler
                0x08000ddc                DFSDM1_FLT1_IRQHandler
                0x08000ddc                DMAMUX2_OVR_IRQHandler
                0x08000ddc                TIM8_UP_TIM13_IRQHandler
                0x08000ddc                I2C3_ER_IRQHandler
                0x08000ddc                DFSDM1_FLT2_IRQHandler
                0x08000ddc                I2C5_EV_IRQHandler
                0x08000ddc                USART10_IRQHandler
                0x08000ddc                MDMA_IRQHandler
                0x08000ddc                LPTIM3_IRQHandler
                0x08000ddc                HSEM1_IRQHandler
                0x08000ddc                EXTI0_IRQHandler
                0x08000ddc                I2C2_EV_IRQHandler
                0x08000ddc                DMA1_Stream2_IRQHandler
                0x08000ddc                FPU_IRQHandler
                0x08000ddc                OTG_HS_WKUP_IRQHandler
                0x08000ddc                FDCAN1_IT1_IRQHandler
                0x08000ddc                LTDC_ER_IRQHandler
                0x08000ddc                DMA2_Stream2_IRQHandler
                0x08000ddc                SPI1_IRQHandler
                0x08000ddc                OCTOSPI1_IRQHandler
                0x08000ddc                TIM6_DAC_IRQHandler
                0x08000ddc                DMA2_Stream3_IRQHandler
                0x08000ddc                OCTOSPI2_IRQHandler
                0x08000ddc                DFSDM1_FLT3_IRQHandler
                0x08000ddc                TIM23_IRQHandler
                0x08000ddc                USART6_IRQHandler
                0x08000ddc                TIM17_IRQHandler
                0x08000ddc                USART3_IRQHandler
                0x08000ddc                BDMA_Channel7_IRQHandler
                0x08000ddc                LPTIM5_IRQHandler
                0x08000ddc                UART5_IRQHandler
                0x08000ddc                ADC3_IRQHandler
                0x08000ddc                DMA2_Stream0_IRQHandler
                0x08000ddc                TIM4_IRQHandler
                0x08000ddc                BDMA_Channel2_IRQHandler
                0x08000ddc                I2C1_EV_IRQHandler
                0x08000ddc                DMA1_Stream6_IRQHandler
                0x08000ddc                DMAMUX1_OVR_IRQHandler
                0x08000ddc                DMA1_Stream1_IRQHandler
                0x08000ddc                TIM16_IRQHandler
                0x08000ddc                UART4_IRQHandler
                0x08000ddc                BDMA_Channel5_IRQHandler
                0x08000ddc                TIM3_IRQHandler
                0x08000ddc                RCC_IRQHandler
                0x08000ddc                UART9_IRQHandler
                0x08000ddc                TIM8_BRK_TIM12_IRQHandler
                0x08000ddc                TIM1_TRG_COM_IRQHandler
                0x08000ddc                Default_Handler
                0x08000ddc                ECC_IRQHandler
                0x08000ddc                FMAC_IRQHandler
                0x08000ddc                CEC_IRQHandler
                0x08000ddc                EXTI15_10_IRQHandler
                0x08000ddc                BDMA_Channel0_IRQHandler
                0x08000ddc                ADC_IRQHandler
                0x08000ddc                I2C5_ER_IRQHandler
                0x08000ddc                DMA1_Stream7_IRQHandler
                0x08000ddc                SPI5_IRQHandler
                0x08000ddc                TIM7_IRQHandler
                0x08000ddc                FDCAN3_IT1_IRQHandler
                0x08000ddc                SDMMC1_IRQHandler
                0x08000ddc                TIM5_IRQHandler
                0x08000ddc                DMA2_Stream7_IRQHandler
                0x08000ddc                TIM15_IRQHandler
                0x08000ddc                PVD_AVD_IRQHandler
                0x08000ddc                I2C3_EV_IRQHandler
                0x08000ddc                EXTI9_5_IRQHandler
                0x08000ddc                RTC_WKUP_IRQHandler
                0x08000ddc                LTDC_IRQHandler
                0x08000ddc                ETH_WKUP_IRQHandler
                0x08000ddc                SPDIF_RX_IRQHandler
                0x08000ddc                SPI2_IRQHandler
                0x08000ddc                OTG_HS_EP1_IN_IRQHandler
                0x08000ddc                DMA1_Stream0_IRQHandler
                0x08000ddc                TIM24_IRQHandler
                0x08000ddc                CRS_IRQHandler
                0x08000ddc                EXTI4_IRQHandler
                0x08000ddc                RNG_IRQHandler
                0x08000ddc                FDCAN2_IT1_IRQHandler
                0x08000ddc                ETH_IRQHandler
                0x08000ddc                TIM1_UP_IRQHandler
                0x08000ddc                BDMA_Channel4_IRQHandler
                0x08000ddc                OTG_HS_EP1_OUT_IRQHandler
                0x08000ddc                WWDG_IRQHandler
                0x08000ddc                SPI6_IRQHandler
                0x08000ddc                MDIOS_IRQHandler
                0x08000ddc                I2C4_EV_IRQHandler
                0x08000ddc                FDCAN2_IT0_IRQHandler
                0x08000ddc                LPUART1_IRQHandler
                0x08000ddc                FDCAN1_IT0_IRQHandler
                0x08000ddc                TIM2_IRQHandler
                0x08000ddc                DMA2D_IRQHandler
                0x08000ddc                TIM1_BRK_IRQHandler
                0x08000ddc                EXTI1_IRQHandler
                0x08000ddc                SDMMC2_IRQHandler
                0x08000ddc                BDMA_Channel3_IRQHandler
                0x08000ddc                DTS_IRQHandler
                0x08000ddc                UART7_IRQHandler
                0x08000ddc                MDIOS_WKUP_IRQHandler
                0x08000ddc                USART2_IRQHandler
                0x08000ddc                DFSDM1_FLT0_IRQHandler
                0x08000ddc                SAI4_IRQHandler
                0x08000ddc                I2C2_ER_IRQHandler
                0x08000ddc                DMA2_Stream1_IRQHandler
                0x08000ddc                FLASH_IRQHandler
                0x08000ddc                DMA2_Stream4_IRQHandler
                0x08000ddc                USART1_IRQHandler
                0x08000ddc                SPI3_IRQHandler
                0x08000ddc                WAKEUP_PIN_IRQHandler
                0x08000ddc                DMA1_Stream4_IRQHandler
                0x08000ddc                I2C1_ER_IRQHandler
                0x08000ddc                FMC_IRQHandler
                0x08000ddc                FDCAN_CAL_IRQHandler
                0x08000ddc                SWPMI1_IRQHandler
                0x08000ddc                COMP1_IRQHandler
                0x08000ddc                LPTIM1_IRQHandler
                0x08000ddc                DCMI_PSSI_IRQHandler
                0x08000ddc                I2C4_ER_IRQHandler
                0x08000ddc                DMA2_Stream6_IRQHandler
                0x08000ddc                SAI1_IRQHandler
                0x08000ddc                DMA1_Stream3_IRQHandler
 *fill*         0x08000dde        0x2 
 .text.SystemInit
                0x08000de0       0xf0 ./Drivers/CMSIS/Device/ST/STM32H7xx/Source/Templates/system_stm32h7xx.o
                0x08000de0                SystemInit
 .text.HAL_Init
                0x08000ed0       0x78 ./Drivers/STM32H7xx_HAL_Driver/Src/stm32h7xx_hal.o
                0x08000ed0                HAL_Init
 .text.HAL_InitTick
                0x08000f48       0x6c ./Drivers/STM32H7xx_HAL_Driver/Src/stm32h7xx_hal.o
                0x08000f48                HAL_InitTick
 .text.HAL_IncTick
                0x08000fb4       0x28 ./Drivers/STM32H7xx_HAL_Driver/Src/stm32h7xx_hal.o
                0x08000fb4                HAL_IncTick
 .text.HAL_GetTick
                0x08000fdc       0x18 ./Drivers/STM32H7xx_HAL_Driver/Src/stm32h7xx_hal.o
                0x08000fdc                HAL_GetTick
 .text.HAL_Delay
                0x08000ff4       0x48 ./Drivers/STM32H7xx_HAL_Driver/Src/stm32h7xx_hal.o
                0x08000ff4                HAL_Delay
 .text.__NVIC_SetPriorityGrouping
                0x0800103c       0x48 ./Drivers/STM32H7xx_HAL_Driver/Src/stm32h7xx_hal_cortex.o
 .text.__NVIC_GetPriorityGrouping
                0x08001084       0x1c ./Drivers/STM32H7xx_HAL_Driver/Src/stm32h7xx_hal_cortex.o
 .text.__NVIC_EnableIRQ
                0x080010a0       0x3c ./Drivers/STM32H7xx_HAL_Driver/Src/stm32h7xx_hal_cortex.o
 .text.__NVIC_SetPriority
                0x080010dc       0x54 ./Drivers/STM32H7xx_HAL_Driver/Src/stm32h7xx_hal_cortex.o
 .text.NVIC_EncodePriority
                0x08001130       0x66 ./Drivers/STM32H7xx_HAL_Driver/Src/stm32h7xx_hal_cortex.o
 *fill*         0x08001196        0x2 
 .text.SysTick_Config
                0x08001198       0x44 ./Drivers/STM32H7xx_HAL_Driver/Src/stm32h7xx_hal_cortex.o
 .text.HAL_NVIC_SetPriorityGrouping
                0x080011dc       0x16 ./Drivers/STM32H7xx_HAL_Driver/Src/stm32h7xx_hal_cortex.o
                0x080011dc                HAL_NVIC_SetPriorityGrouping
 .text.HAL_NVIC_SetPriority
                0x080011f2       0x34 ./Drivers/STM32H7xx_HAL_Driver/Src/stm32h7xx_hal_cortex.o
                0x080011f2                HAL_NVIC_SetPriority
 .text.HAL_NVIC_EnableIRQ
                0x08001226       0x1c ./Drivers/STM32H7xx_HAL_Driver/Src/stm32h7xx_hal_cortex.o
                0x08001226                HAL_NVIC_EnableIRQ
 .text.HAL_SYSTICK_Config
                0x08001242       0x18 ./Drivers/STM32H7xx_HAL_Driver/Src/stm32h7xx_hal_cortex.o
                0x08001242                HAL_SYSTICK_Config
 *fill*         0x0800125a        0x2 
 .text.HAL_GPIO_Init
                0x0800125c      0x350 ./Drivers/STM32H7xx_HAL_Driver/Src/stm32h7xx_hal_gpio.o
                0x0800125c                HAL_GPIO_Init
 .text.HAL_PCD_Init
                0x080015ac      0x218 ./Drivers/STM32H7xx_HAL_Driver/Src/stm32h7xx_hal_pcd.o
                0x080015ac                HAL_PCD_Init
 .text.HAL_PCDEx_ActivateLPM
                0x080017c4       0x48 ./Drivers/STM32H7xx_HAL_Driver/Src/stm32h7xx_hal_pcd_ex.o
                0x080017c4                HAL_PCDEx_ActivateLPM
 .text.HAL_PWREx_ConfigSupply
                0x0800180c       0x74 ./Drivers/STM32H7xx_HAL_Driver/Src/stm32h7xx_hal_pwr_ex.o
                0x0800180c                HAL_PWREx_ConfigSupply
 .text.HAL_PWREx_EnableUSBVoltageDetector
                0x08001880       0x20 ./Drivers/STM32H7xx_HAL_Driver/Src/stm32h7xx_hal_pwr_ex.o
                0x08001880                HAL_PWREx_EnableUSBVoltageDetector
 .text.HAL_RCC_OscConfig
                0x080018a0      0x7b4 ./Drivers/STM32H7xx_HAL_Driver/Src/stm32h7xx_hal_rcc.o
                0x080018a0                HAL_RCC_OscConfig
 .text.HAL_RCC_ClockConfig
                0x08002054      0x36c ./Drivers/STM32H7xx_HAL_Driver/Src/stm32h7xx_hal_rcc.o
                0x08002054                HAL_RCC_ClockConfig
 .text.HAL_RCC_GetSysClockFreq
                0x080023c0      0x2f4 ./Drivers/STM32H7xx_HAL_Driver/Src/stm32h7xx_hal_rcc.o
                0x080023c0                HAL_RCC_GetSysClockFreq
 .text.HAL_RCC_GetHCLKFreq
                0x080026b4       0x60 ./Drivers/STM32H7xx_HAL_Driver/Src/stm32h7xx_hal_rcc.o
                0x080026b4                HAL_RCC_GetHCLKFreq
 .text.HAL_RCC_GetPCLK1Freq
                0x08002714       0x2c ./Drivers/STM32H7xx_HAL_Driver/Src/stm32h7xx_hal_rcc.o
                0x08002714                HAL_RCC_GetPCLK1Freq
 .text.HAL_RCC_GetPCLK2Freq
                0x08002740       0x2c ./Drivers/STM32H7xx_HAL_Driver/Src/stm32h7xx_hal_rcc.o
                0x08002740                HAL_RCC_GetPCLK2Freq
 .text.HAL_RCCEx_PeriphCLKConfig
                0x0800276c     0x1340 ./Drivers/STM32H7xx_HAL_Driver/Src/stm32h7xx_hal_rcc_ex.o
                0x0800276c                HAL_RCCEx_PeriphCLKConfig
 .text.HAL_RCCEx_GetD3PCLK1Freq
                0x08003aac       0x2c ./Drivers/STM32H7xx_HAL_Driver/Src/stm32h7xx_hal_rcc_ex.o
                0x08003aac                HAL_RCCEx_GetD3PCLK1Freq
 .text.HAL_RCCEx_GetPLL2ClockFreq
                0x08003ad8      0x2a8 ./Drivers/STM32H7xx_HAL_Driver/Src/stm32h7xx_hal_rcc_ex.o
                0x08003ad8                HAL_RCCEx_GetPLL2ClockFreq
 .text.HAL_RCCEx_GetPLL3ClockFreq
                0x08003d80      0x2a8 ./Drivers/STM32H7xx_HAL_Driver/Src/stm32h7xx_hal_rcc_ex.o
                0x08003d80                HAL_RCCEx_GetPLL3ClockFreq
 .text.RCCEx_PLL2_Config
                0x08004028      0x164 ./Drivers/STM32H7xx_HAL_Driver/Src/stm32h7xx_hal_rcc_ex.o
 .text.RCCEx_PLL3_Config
                0x0800418c      0x164 ./Drivers/STM32H7xx_HAL_Driver/Src/stm32h7xx_hal_rcc_ex.o
 .text.HAL_UART_Init
                0x080042f0       0xa0 ./Drivers/STM32H7xx_HAL_Driver/Src/stm32h7xx_hal_uart.o
                0x080042f0                HAL_UART_Init
 .text.UART_SetConfig
                0x08004390      0xcd8 ./Drivers/STM32H7xx_HAL_Driver/Src/stm32h7xx_hal_uart.o
                0x08004390                UART_SetConfig
 .text.UART_AdvFeatureConfig
                0x08005068      0x144 ./Drivers/STM32H7xx_HAL_Driver/Src/stm32h7xx_hal_uart.o
                0x08005068                UART_AdvFeatureConfig
 .text.UART_CheckIdleState
                0x080051ac      0x154 ./Drivers/STM32H7xx_HAL_Driver/Src/stm32h7xx_hal_uart.o
                0x080051ac                UART_CheckIdleState
 .text.UART_WaitOnFlagUntilTimeout
                0x08005300       0xda ./Drivers/STM32H7xx_HAL_Driver/Src/stm32h7xx_hal_uart.o
                0x08005300                UART_WaitOnFlagUntilTimeout
 *fill*         0x080053da        0x2 
 .text.UART_EndRxTransfer
                0x080053dc       0xcc ./Drivers/STM32H7xx_HAL_Driver/Src/stm32h7xx_hal_uart.o
 .text.HAL_UARTEx_DisableFifoMode
                0x080054a8       0x72 ./Drivers/STM32H7xx_HAL_Driver/Src/stm32h7xx_hal_uart_ex.o
                0x080054a8                HAL_UARTEx_DisableFifoMode
 .text.HAL_UARTEx_SetTxFifoThreshold
                0x0800551a       0x7c ./Drivers/STM32H7xx_HAL_Driver/Src/stm32h7xx_hal_uart_ex.o
                0x0800551a                HAL_UARTEx_SetTxFifoThreshold
 .text.HAL_UARTEx_SetRxFifoThreshold
                0x08005596       0x7c ./Drivers/STM32H7xx_HAL_Driver/Src/stm32h7xx_hal_uart_ex.o
                0x08005596                HAL_UARTEx_SetRxFifoThreshold
 *fill*         0x08005612        0x2 
 .text.UARTEx_SetNbDataToProcess
                0x08005614       0x9c ./Drivers/STM32H7xx_HAL_Driver/Src/stm32h7xx_hal_uart_ex.o
 .text.USB_CoreInit
                0x080056b0       0xe4 ./Drivers/STM32H7xx_HAL_Driver/Src/stm32h7xx_ll_usb.o
                0x080056b0                USB_CoreInit
 .text.USB_DisableGlobalInt
                0x08005794       0x22 ./Drivers/STM32H7xx_HAL_Driver/Src/stm32h7xx_ll_usb.o
                0x08005794                USB_DisableGlobalInt
 .text.USB_SetCurrentMode
                0x080057b6       0x98 ./Drivers/STM32H7xx_HAL_Driver/Src/stm32h7xx_ll_usb.o
                0x080057b6                USB_SetCurrentMode
 *fill*         0x0800584e        0x2 
 .text.USB_DevInit
                0x08005850      0x2bc ./Drivers/STM32H7xx_HAL_Driver/Src/stm32h7xx_ll_usb.o
                0x08005850                USB_DevInit
 .text.USB_FlushTxFifo
                0x08005b0c       0x64 ./Drivers/STM32H7xx_HAL_Driver/Src/stm32h7xx_ll_usb.o
                0x08005b0c                USB_FlushTxFifo
 .text.USB_FlushRxFifo
                0x08005b70       0x5c ./Drivers/STM32H7xx_HAL_Driver/Src/stm32h7xx_ll_usb.o
                0x08005b70                USB_FlushRxFifo
 .text.USB_SetDevSpeed
                0x08005bcc       0x32 ./Drivers/STM32H7xx_HAL_Driver/Src/stm32h7xx_ll_usb.o
                0x08005bcc                USB_SetDevSpeed
 .text.USB_DevDisconnect
                0x08005bfe       0x42 ./Drivers/STM32H7xx_HAL_Driver/Src/stm32h7xx_ll_usb.o
                0x08005bfe                USB_DevDisconnect
 .text.USB_GetMode
                0x08005c40       0x1c ./Drivers/STM32H7xx_HAL_Driver/Src/stm32h7xx_ll_usb.o
                0x08005c40                USB_GetMode
 .text.USB_CoreReset
                0x08005c5c       0x62 ./Drivers/STM32H7xx_HAL_Driver/Src/stm32h7xx_ll_usb.o
 *fill*         0x08005cbe        0x2 
 .text._prep_out_transaction
                0x08005cc0       0xe0 ./Libs/tinyusb/src/class/cdc/cdc_device.o
 .text.tud_cdc_n_available
                0x08005da0       0x2c ./Libs/tinyusb/src/class/cdc/cdc_device.o
                0x08005da0                tud_cdc_n_available
 .text.tud_cdc_n_read
                0x08005dcc       0x58 ./Libs/tinyusb/src/class/cdc/cdc_device.o
                0x08005dcc                tud_cdc_n_read
 .text.tud_cdc_n_write
                0x08005e24       0x68 ./Libs/tinyusb/src/class/cdc/cdc_device.o
                0x08005e24                tud_cdc_n_write
 .text.tud_cdc_n_write_flush
                0x08005e8c      0x104 ./Libs/tinyusb/src/class/cdc/cdc_device.o
                0x08005e8c                tud_cdc_n_write_flush
 .text.cdcd_init
                0x08005f90       0xa0 ./Libs/tinyusb/src/class/cdc/cdc_device.o
                0x08005f90                cdcd_init
 .text.cdcd_deinit
                0x08006030       0x10 ./Libs/tinyusb/src/class/cdc/cdc_device.o
                0x08006030                cdcd_deinit
 .text.cdcd_reset
                0x08006040       0x84 ./Libs/tinyusb/src/class/cdc/cdc_device.o
                0x08006040                cdcd_reset
 .text.cdcd_open
                0x080060c4      0x1ec ./Libs/tinyusb/src/class/cdc/cdc_device.o
                0x080060c4                cdcd_open
 .text.cdcd_control_xfer_cb
                0x080062b0      0x1ec ./Libs/tinyusb/src/class/cdc/cdc_device.o
                0x080062b0                cdcd_control_xfer_cb
 .text.cdcd_xfer_cb
                0x0800649c      0x194 ./Libs/tinyusb/src/class/cdc/cdc_device.o
                0x0800649c                cdcd_xfer_cb
 .text.tu_fifo_config
                0x08006630       0x66 ./Libs/tinyusb/src/common/tusb_fifo.o
                0x08006630                tu_fifo_config
 .text._ff_push_const_addr
                0x08006696       0x68 ./Libs/tinyusb/src/common/tusb_fifo.o
 .text._ff_pull_const_addr
                0x080066fe       0x66 ./Libs/tinyusb/src/common/tusb_fifo.o
 .text._ff_push
                0x08006764       0x3e ./Libs/tinyusb/src/common/tusb_fifo.o
 .text._ff_push_n
                0x080067a2      0x1bc ./Libs/tinyusb/src/common/tusb_fifo.o
 .text._ff_pull
                0x0800695e       0x3e ./Libs/tinyusb/src/common/tusb_fifo.o
 .text._ff_pull_n
                0x0800699c      0x1c0 ./Libs/tinyusb/src/common/tusb_fifo.o
 .text.advance_index
                0x08006b5c       0x4c ./Libs/tinyusb/src/common/tusb_fifo.o
 .text._tu_fifo_peek
                0x08006ba8       0xcc ./Libs/tinyusb/src/common/tusb_fifo.o
 .text._tu_fifo_peek_n
                0x08006c74       0xe0 ./Libs/tinyusb/src/common/tusb_fifo.o
 .text._tu_fifo_write_n
                0x08006d54      0x1a2 ./Libs/tinyusb/src/common/tusb_fifo.o
 .text._tu_fifo_read_n
                0x08006ef6       0x5e ./Libs/tinyusb/src/common/tusb_fifo.o
 .text.tu_fifo_count
                0x08006f54       0x64 ./Libs/tinyusb/src/common/tusb_fifo.o
                0x08006f54                tu_fifo_count
 .text.tu_fifo_empty
                0x08006fb8       0x2a ./Libs/tinyusb/src/common/tusb_fifo.o
                0x08006fb8                tu_fifo_empty
 .text.tu_fifo_full
                0x08006fe2       0x5c ./Libs/tinyusb/src/common/tusb_fifo.o
                0x08006fe2                tu_fifo_full
 .text.tu_fifo_remaining
                0x0800703e       0x70 ./Libs/tinyusb/src/common/tusb_fifo.o
                0x0800703e                tu_fifo_remaining
 .text.tu_fifo_read
                0x080070ae       0x48 ./Libs/tinyusb/src/common/tusb_fifo.o
                0x080070ae                tu_fifo_read
 .text.tu_fifo_read_n
                0x080070f6       0x24 ./Libs/tinyusb/src/common/tusb_fifo.o
                0x080070f6                tu_fifo_read_n
 .text.tu_fifo_read_n_const_addr_full_words
                0x0800711a       0x24 ./Libs/tinyusb/src/common/tusb_fifo.o
                0x0800711a                tu_fifo_read_n_const_addr_full_words
 .text.tu_fifo_write
                0x0800713e       0x86 ./Libs/tinyusb/src/common/tusb_fifo.o
                0x0800713e                tu_fifo_write
 .text.tu_fifo_write_n
                0x080071c4       0x24 ./Libs/tinyusb/src/common/tusb_fifo.o
                0x080071c4                tu_fifo_write_n
 .text.tu_fifo_write_n_const_addr_full_words
                0x080071e8       0x24 ./Libs/tinyusb/src/common/tusb_fifo.o
                0x080071e8                tu_fifo_write_n_const_addr_full_words
 .text.tu_fifo_clear
                0x0800720c       0x22 ./Libs/tinyusb/src/common/tusb_fifo.o
                0x0800720c                tu_fifo_clear
 .text.tu_fifo_set_overwritable
                0x0800722e       0x26 ./Libs/tinyusb/src/common/tusb_fifo.o
                0x0800722e                tu_fifo_set_overwritable
 .text.tud_event_hook_cb
                0x08007254       0x1c ./Libs/tinyusb/src/device/usbd.o
                0x08007254                tud_event_hook_cb
 .text.tud_sof_cb
                0x08007270       0x14 ./Libs/tinyusb/src/device/usbd.o
                0x08007270                tud_sof_cb
 .text.tud_descriptor_bos_cb
                0x08007284       0x10 ./Libs/tinyusb/src/device/usbd.o
                0x08007284                tud_descriptor_bos_cb
 .text.tud_descriptor_device_qualifier_cb
                0x08007294       0x10 ./Libs/tinyusb/src/device/usbd.o
                0x08007294                tud_descriptor_device_qualifier_cb
 .text.tud_descriptor_other_speed_configuration_cb
                0x080072a4       0x18 ./Libs/tinyusb/src/device/usbd.o
                0x080072a4                tud_descriptor_other_speed_configuration_cb
 .text.tud_suspend_cb
                0x080072bc       0x16 ./Libs/tinyusb/src/device/usbd.o
                0x080072bc                tud_suspend_cb
 .text.tud_resume_cb
                0x080072d2        0xe ./Libs/tinyusb/src/device/usbd.o
                0x080072d2                tud_resume_cb
 .text.tud_vendor_control_xfer_cb
                0x080072e0       0x1e ./Libs/tinyusb/src/device/usbd.o
                0x080072e0                tud_vendor_control_xfer_cb
 .text.dcd_dcache_clean
                0x080072fe       0x18 ./Libs/tinyusb/src/device/usbd.o
                0x080072fe                dcd_dcache_clean
 *fill*         0x08007316        0x2 
 .text.tud_mounted
                0x08007318       0x24 ./Libs/tinyusb/src/device/usbd.o
                0x08007318                tud_mounted
 .text.tud_suspended
                0x0800733c       0x28 ./Libs/tinyusb/src/device/usbd.o
                0x0800733c                tud_suspended
 .text.tud_inited
                0x08007364       0x20 ./Libs/tinyusb/src/device/usbd.o
                0x08007364                tud_inited
 .text.tud_rhport_init
                0x08007384      0x180 ./Libs/tinyusb/src/device/usbd.o
                0x08007384                tud_rhport_init
 .text.configuration_reset
                0x08007504       0xc8 ./Libs/tinyusb/src/device/usbd.o
 .text.usbd_reset
                0x080075cc       0x1e ./Libs/tinyusb/src/device/usbd.o
 *fill*         0x080075ea        0x2 
 .text.tud_task_ext
                0x080075ec      0x348 ./Libs/tinyusb/src/device/usbd.o
                0x080075ec                tud_task_ext
 .text.invoke_class_control
                0x08007934       0x2e ./Libs/tinyusb/src/device/usbd.o
 *fill*         0x08007962        0x2 
 .text.process_control_request
                0x08007964      0x5b8 ./Libs/tinyusb/src/device/usbd.o
 .text.process_set_config
                0x08007f1c      0x264 ./Libs/tinyusb/src/device/usbd.o
 .text.process_get_descriptor
                0x08008180      0x1b4 ./Libs/tinyusb/src/device/usbd.o
 .text.dcd_event_handler
                0x08008334      0x3c4 ./Libs/tinyusb/src/device/usbd.o
                0x08008334                dcd_event_handler
 .text.usbd_int_set
                0x080086f8       0x34 ./Libs/tinyusb/src/device/usbd.o
                0x080086f8                usbd_int_set
 .text.usbd_open_edpt_pair
                0x0800872c       0xd0 ./Libs/tinyusb/src/device/usbd.o
                0x0800872c                usbd_open_edpt_pair
 .text.usbd_edpt_open
                0x080087fc       0x88 ./Libs/tinyusb/src/device/usbd.o
                0x080087fc                usbd_edpt_open
 .text.usbd_edpt_claim
                0x08008884       0x54 ./Libs/tinyusb/src/device/usbd.o
                0x08008884                usbd_edpt_claim
 .text.usbd_edpt_release
                0x080088d8       0x54 ./Libs/tinyusb/src/device/usbd.o
                0x080088d8                usbd_edpt_release
 .text.usbd_edpt_xfer
                0x0800892c       0xec ./Libs/tinyusb/src/device/usbd.o
                0x0800892c                usbd_edpt_xfer
 .text.usbd_edpt_stall
                0x08008a18       0x7c ./Libs/tinyusb/src/device/usbd.o
                0x08008a18                usbd_edpt_stall
 .text.usbd_edpt_clear_stall
                0x08008a94       0x7c ./Libs/tinyusb/src/device/usbd.o
                0x08008a94                usbd_edpt_clear_stall
 .text.usbd_edpt_stalled
                0x08008b10       0x5c ./Libs/tinyusb/src/device/usbd.o
                0x08008b10                usbd_edpt_stalled
 .text.dcd_edpt0_status_complete
                0x08008b6c       0x18 ./Libs/tinyusb/src/device/usbd_control.o
                0x08008b6c                dcd_edpt0_status_complete
 .text.status_stage_xact
                0x08008b84       0x38 ./Libs/tinyusb/src/device/usbd_control.o
 .text.tud_control_status
                0x08008bbc       0x40 ./Libs/tinyusb/src/device/usbd_control.o
                0x08008bbc                tud_control_status
 .text.data_stage_xact
                0x08008bfc       0xa4 ./Libs/tinyusb/src/device/usbd_control.o
 .text.tud_control_xfer
                0x08008ca0       0xe0 ./Libs/tinyusb/src/device/usbd_control.o
                0x08008ca0                tud_control_xfer
 .text.usbd_control_reset
                0x08008d80       0x18 ./Libs/tinyusb/src/device/usbd_control.o
                0x08008d80                usbd_control_reset
 .text.usbd_control_set_complete_callback
                0x08008d98       0x20 ./Libs/tinyusb/src/device/usbd_control.o
                0x08008d98                usbd_control_set_complete_callback
 .text.usbd_control_set_request
                0x08008db8       0x34 ./Libs/tinyusb/src/device/usbd_control.o
                0x08008db8                usbd_control_set_request
 .text.usbd_control_xfer_cb
                0x08008dec      0x168 ./Libs/tinyusb/src/device/usbd_control.o
                0x08008dec                usbd_control_xfer_cb
 .text.__NVIC_EnableIRQ
                0x08008f54       0x3c ./Libs/tinyusb/src/portable/synopsys/dwc2/dcd_dwc2.o
 .text.__NVIC_DisableIRQ
                0x08008f90       0x48 ./Libs/tinyusb/src/portable/synopsys/dwc2/dcd_dwc2.o
 .text.dma_setup_prepare
                0x08008fd8       0x78 ./Libs/tinyusb/src/portable/synopsys/dwc2/dcd_dwc2.o
 .text.dfifo_alloc
                0x08009050      0x1c4 ./Libs/tinyusb/src/portable/synopsys/dwc2/dcd_dwc2.o
 .text.dfifo_device_init
                0x08009214       0xac ./Libs/tinyusb/src/portable/synopsys/dwc2/dcd_dwc2.o
 .text.edpt_activate
                0x080092c0      0x13c ./Libs/tinyusb/src/portable/synopsys/dwc2/dcd_dwc2.o
 .text.edpt_disable
                0x080093fc      0x198 ./Libs/tinyusb/src/portable/synopsys/dwc2/dcd_dwc2.o
 .text.edpt_schedule_packets
                0x08009594      0x1c4 ./Libs/tinyusb/src/portable/synopsys/dwc2/dcd_dwc2.o
 .text.dcd_init
                0x08009758      0x128 ./Libs/tinyusb/src/portable/synopsys/dwc2/dcd_dwc2.o
                0x08009758                dcd_init
 .text.dcd_int_enable
                0x08009880       0x50 ./Libs/tinyusb/src/portable/synopsys/dwc2/dcd_dwc2.o
                0x08009880                dcd_int_enable
 .text.dcd_int_disable
                0x080098d0       0x50 ./Libs/tinyusb/src/portable/synopsys/dwc2/dcd_dwc2.o
                0x080098d0                dcd_int_disable
 .text.dcd_set_address
                0x08009920       0x78 ./Libs/tinyusb/src/portable/synopsys/dwc2/dcd_dwc2.o
                0x08009920                dcd_set_address
 .text.dcd_connect
                0x08009998       0x44 ./Libs/tinyusb/src/portable/synopsys/dwc2/dcd_dwc2.o
                0x08009998                dcd_connect
 .text.dcd_disconnect
                0x080099dc       0x44 ./Libs/tinyusb/src/portable/synopsys/dwc2/dcd_dwc2.o
                0x080099dc                dcd_disconnect
 .text.dcd_sof_enable
                0x08009a20       0x6c ./Libs/tinyusb/src/portable/synopsys/dwc2/dcd_dwc2.o
                0x08009a20                dcd_sof_enable
 .text.dcd_edpt_open
                0x08009a8c       0x64 ./Libs/tinyusb/src/portable/synopsys/dwc2/dcd_dwc2.o
                0x08009a8c                dcd_edpt_open
 .text.dcd_edpt_close_all
                0x08009af0      0x118 ./Libs/tinyusb/src/portable/synopsys/dwc2/dcd_dwc2.o
                0x08009af0                dcd_edpt_close_all
 .text.dcd_edpt_xfer
                0x08009c08       0x80 ./Libs/tinyusb/src/portable/synopsys/dwc2/dcd_dwc2.o
                0x08009c08                dcd_edpt_xfer
 .text.dcd_edpt_stall
                0x08009c88       0x64 ./Libs/tinyusb/src/portable/synopsys/dwc2/dcd_dwc2.o
                0x08009c88                dcd_edpt_stall
 .text.dcd_edpt_clear_stall
                0x08009cec       0x8c ./Libs/tinyusb/src/portable/synopsys/dwc2/dcd_dwc2.o
                0x08009cec                dcd_edpt_clear_stall
 .text.handle_bus_reset
                0x08009d78      0x1b4 ./Libs/tinyusb/src/portable/synopsys/dwc2/dcd_dwc2.o
 .text.handle_enum_done
                0x08009f2c       0x80 ./Libs/tinyusb/src/portable/synopsys/dwc2/dcd_dwc2.o
 .text.handle_rxflvl_irq
                0x08009fac      0x14c ./Libs/tinyusb/src/portable/synopsys/dwc2/dcd_dwc2.o
 .text.handle_epout_slave
                0x0800a0f8      0x100 ./Libs/tinyusb/src/portable/synopsys/dwc2/dcd_dwc2.o
 .text.handle_epin_slave
                0x0800a1f8      0x1b0 ./Libs/tinyusb/src/portable/synopsys/dwc2/dcd_dwc2.o
 .text.handle_ep_irq
                0x0800a3a8       0xec ./Libs/tinyusb/src/portable/synopsys/dwc2/dcd_dwc2.o
 .text.dcd_int_handler
                0x0800a494      0x220 ./Libs/tinyusb/src/portable/synopsys/dwc2/dcd_dwc2.o
                0x0800a494                dcd_int_handler
 .text.dwc2_phy_init
                0x0800a6b4       0x58 ./Libs/tinyusb/src/portable/synopsys/dwc2/dwc2_common.o
 .text.dwc2_phy_update
                0x0800a70c       0xec ./Libs/tinyusb/src/portable/synopsys/dwc2/dwc2_common.o
 .text.reset_core
                0x0800a7f8       0x6c ./Libs/tinyusb/src/portable/synopsys/dwc2/dwc2_common.o
 .text.phy_fs_init
                0x0800a864       0x50 ./Libs/tinyusb/src/portable/synopsys/dwc2/dwc2_common.o
 .text.phy_hs_init
                0x0800a8b4       0xda ./Libs/tinyusb/src/portable/synopsys/dwc2/dwc2_common.o
 *fill*         0x0800a98e        0x2 
 .text.check_dwc2
                0x0800a990       0x64 ./Libs/tinyusb/src/portable/synopsys/dwc2/dwc2_common.o
 .text.dwc2_core_is_highspeed
                0x0800a9f4       0x36 ./Libs/tinyusb/src/portable/synopsys/dwc2/dwc2_common.o
                0x0800a9f4                dwc2_core_is_highspeed
 *fill*         0x0800aa2a        0x2 
 .text.dwc2_core_init
                0x0800aa2c      0x118 ./Libs/tinyusb/src/portable/synopsys/dwc2/dwc2_common.o
                0x0800aa2c                dwc2_core_init
 .text.dfifo_read_packet
                0x0800ab44       0xa2 ./Libs/tinyusb/src/portable/synopsys/dwc2/dwc2_common.o
                0x0800ab44                dfifo_read_packet
 .text.dfifo_write_packet
                0x0800abe6       0x94 ./Libs/tinyusb/src/portable/synopsys/dwc2/dwc2_common.o
                0x0800abe6                dfifo_write_packet
 .text.tu_edpt_claim
                0x0800ac7a       0x74 ./Libs/tinyusb/src/tusb.o
                0x0800ac7a                tu_edpt_claim
 .text.tu_edpt_release
                0x0800acee       0x54 ./Libs/tinyusb/src/tusb.o
                0x0800acee                tu_edpt_release
 *fill*         0x0800ad42        0x2 
 .text.tu_edpt_validate
                0x0800ad44       0xf8 ./Libs/tinyusb/src/tusb.o
                0x0800ad44                tu_edpt_validate
 .text.tu_edpt_bind_driver
                0x0800ae3c       0x8a ./Libs/tinyusb/src/tusb.o
                0x0800ae3c                tu_edpt_bind_driver
 .text.memset   0x0800aec6       0x10 C:/ST/STM32CubeIDE_1.16.1/STM32CubeIDE/plugins/com.st.stm32cube.ide.mcu.externaltools.gnu-tools-for-stm32.12.3.rel1.win32_1.0.200.202406191623/tools/bin/../lib/gcc/arm-none-eabi/12.3.1/../../../../arm-none-eabi/lib/thumb/v7e-m+dp/hard\libc_nano.a(libc_a-memset.o)
                0x0800aec6                memset
 *fill*         0x0800aed6        0x2 
 .text.__libc_init_array
                0x0800aed8       0x48 C:/ST/STM32CubeIDE_1.16.1/STM32CubeIDE/plugins/com.st.stm32cube.ide.mcu.externaltools.gnu-tools-for-stm32.12.3.rel1.win32_1.0.200.202406191623/tools/bin/../lib/gcc/arm-none-eabi/12.3.1/../../../../arm-none-eabi/lib/thumb/v7e-m+dp/hard\libc_nano.a(libc_a-init.o)
                0x0800aed8                __libc_init_array
 .text.memcpy   0x0800af20       0x1c C:/ST/STM32CubeIDE_1.16.1/STM32CubeIDE/plugins/com.st.stm32cube.ide.mcu.externaltools.gnu-tools-for-stm32.12.3.rel1.win32_1.0.200.202406191623/tools/bin/../lib/gcc/arm-none-eabi/12.3.1/../../../../arm-none-eabi/lib/thumb/v7e-m+dp/hard\libc_nano.a(libc_a-memcpy-stub.o)
                0x0800af20                memcpy
 *(.glue_7)
 .glue_7        0x0800af3c        0x0 linker stubs
 *(.glue_7t)
 .glue_7t       0x0800af3c        0x0 linker stubs
 *(.eh_frame)
 .eh_frame      0x0800af3c        0x0 C:/ST/STM32CubeIDE_1.16.1/STM32CubeIDE/plugins/com.st.stm32cube.ide.mcu.externaltools.gnu-tools-for-stm32.12.3.rel1.win32_1.0.200.202406191623/tools/bin/../lib/gcc/arm-none-eabi/12.3.1/thumb/v7e-m+dp/hard/crtbegin.o
 *(.init)
 .init          0x0800af3c        0x4 C:/ST/STM32CubeIDE_1.16.1/STM32CubeIDE/plugins/com.st.stm32cube.ide.mcu.externaltools.gnu-tools-for-stm32.12.3.rel1.win32_1.0.200.202406191623/tools/bin/../lib/gcc/arm-none-eabi/12.3.1/thumb/v7e-m+dp/hard/crti.o
                0x0800af3c                _init
 .init          0x0800af40        0x8 C:/ST/STM32CubeIDE_1.16.1/STM32CubeIDE/plugins/com.st.stm32cube.ide.mcu.externaltools.gnu-tools-for-stm32.12.3.rel1.win32_1.0.200.202406191623/tools/bin/../lib/gcc/arm-none-eabi/12.3.1/thumb/v7e-m+dp/hard/crtn.o
 *(.fini)
 .fini          0x0800af48        0x4 C:/ST/STM32CubeIDE_1.16.1/STM32CubeIDE/plugins/com.st.stm32cube.ide.mcu.externaltools.gnu-tools-for-stm32.12.3.rel1.win32_1.0.200.202406191623/tools/bin/../lib/gcc/arm-none-eabi/12.3.1/thumb/v7e-m+dp/hard/crti.o
                0x0800af48                _fini
 .fini          0x0800af4c        0x8 C:/ST/STM32CubeIDE_1.16.1/STM32CubeIDE/plugins/com.st.stm32cube.ide.mcu.externaltools.gnu-tools-for-stm32.12.3.rel1.win32_1.0.200.202406191623/tools/bin/../lib/gcc/arm-none-eabi/12.3.1/thumb/v7e-m+dp/hard/crtn.o
                0x0800af54                        . = ALIGN (0x4)
                0x0800af54                        _etext = .

.vfp11_veneer   0x0800af54        0x0
 .vfp11_veneer  0x0800af54        0x0 linker stubs

.v4_bx          0x0800af54        0x0
 .v4_bx         0x0800af54        0x0 linker stubs

.iplt           0x0800af54        0x0
 .iplt          0x0800af54        0x0 C:/ST/STM32CubeIDE_1.16.1/STM32CubeIDE/plugins/com.st.stm32cube.ide.mcu.externaltools.gnu-tools-for-stm32.12.3.rel1.win32_1.0.200.202406191623/tools/bin/../lib/gcc/arm-none-eabi/12.3.1/thumb/v7e-m+dp/hard/crtbegin.o

.rodata         0x0800af54      0x278
                0x0800af54                        . = ALIGN (0x4)
 *(.rodata)
 .rodata        0x0800af54       0x34 ./Core/Src/usb_descriptors.o
 *(.rodata*)
 .rodata.desc_device
                0x0800af88       0x12 ./Core/Src/usb_descriptors.o
                0x0800af88                desc_device
 *fill*         0x0800af9a        0x2 
 .rodata.desc_fs_configuration
                0x0800af9c       0x8d ./Core/Src/usb_descriptors.o
                0x0800af9c                desc_fs_configuration
 *fill*         0x0800b029        0x3 
 .rodata.__compound_literal.0
                0x0800b02c        0x2 ./Core/Src/usb_descriptors.o
 *fill*         0x0800b02e        0x2 
 .rodata.D1CorePrescTable
                0x0800b030       0x10 ./Drivers/CMSIS/Device/ST/STM32H7xx/Source/Templates/system_stm32h7xx.o
                0x0800b030                D1CorePrescTable
 .rodata.UARTPrescTable
                0x0800b040       0x18 ./Drivers/STM32H7xx_HAL_Driver/Src/stm32h7xx_hal_uart.o
                0x0800b040                UARTPrescTable
 .rodata.numerator.1
                0x0800b058        0x8 ./Drivers/STM32H7xx_HAL_Driver/Src/stm32h7xx_hal_uart_ex.o
 .rodata.denominator.0
                0x0800b060        0x8 ./Drivers/STM32H7xx_HAL_Driver/Src/stm32h7xx_hal_uart_ex.o
 .rodata._usbd_driver
                0x0800b068       0x20 ./Libs/tinyusb/src/device/usbd.o
 .rodata._dwc2_controller
                0x0800b088       0x20 ./Libs/tinyusb/src/portable/synopsys/dwc2/dcd_dwc2.o
 .rodata._dwc2_controller
                0x0800b0a8       0x20 ./Libs/tinyusb/src/portable/synopsys/dwc2/dwc2_common.o
 .rodata._ctype_
                0x0800b0c8      0x101 C:/ST/STM32CubeIDE_1.16.1/STM32CubeIDE/plugins/com.st.stm32cube.ide.mcu.externaltools.gnu-tools-for-stm32.12.3.rel1.win32_1.0.200.202406191623/tools/bin/../lib/gcc/arm-none-eabi/12.3.1/../../../../arm-none-eabi/lib/thumb/v7e-m+dp/hard\libc_nano.a(libc_a-ctype_.o)
                0x0800b0c8                _ctype_
                0x0800b1cc                        . = ALIGN (0x4)
 *fill*         0x0800b1c9        0x3 

.ARM.extab
 *(.ARM.extab* .gnu.linkonce.armextab.*)

.ARM            0x0800b1cc        0x8
                0x0800b1cc                        __exidx_start = .
 *(.ARM.exidx*)
 .ARM.exidx     0x0800b1cc        0x8 C:/ST/STM32CubeIDE_1.16.1/STM32CubeIDE/plugins/com.st.stm32cube.ide.mcu.externaltools.gnu-tools-for-stm32.12.3.rel1.win32_1.0.200.202406191623/tools/bin/../lib/gcc/arm-none-eabi/12.3.1/../../../../arm-none-eabi/lib/thumb/v7e-m+dp/hard\libc_nano.a(libc_a-strlen.o)
 .ARM.exidx     0x0800b1d4        0x0 C:/ST/STM32CubeIDE_1.16.1/STM32CubeIDE/plugins/com.st.stm32cube.ide.mcu.externaltools.gnu-tools-for-stm32.12.3.rel1.win32_1.0.200.202406191623/tools/bin/../lib/gcc/arm-none-eabi/12.3.1/thumb/v7e-m+dp/hard\libgcc.a(_udivmoddi4.o)
                                  0x8 (size before relaxing)
                0x0800b1d4                        __exidx_end = .

.preinit_array  0x0800b1d4        0x0
                0x0800b1d4                        PROVIDE (__preinit_array_start = .)
 *(.preinit_array*)
                0x0800b1d4                        PROVIDE (__preinit_array_end = .)

.init_array     0x0800b1d4        0x4
                0x0800b1d4                        PROVIDE (__init_array_start = .)
 *(SORT_BY_NAME(.init_array.*))
 *(.init_array*)
 .init_array    0x0800b1d4        0x4 C:/ST/STM32CubeIDE_1.16.1/STM32CubeIDE/plugins/com.st.stm32cube.ide.mcu.externaltools.gnu-tools-for-stm32.12.3.rel1.win32_1.0.200.202406191623/tools/bin/../lib/gcc/arm-none-eabi/12.3.1/thumb/v7e-m+dp/hard/crtbegin.o
                0x0800b1d8                        PROVIDE (__init_array_end = .)

.fini_array     0x0800b1d8        0x4
                [!provide]                        PROVIDE (__fini_array_start = .)
 *(SORT_BY_NAME(.fini_array.*))
 *(.fini_array*)
 .fini_array    0x0800b1d8        0x4 C:/ST/STM32CubeIDE_1.16.1/STM32CubeIDE/plugins/com.st.stm32cube.ide.mcu.externaltools.gnu-tools-for-stm32.12.3.rel1.win32_1.0.200.202406191623/tools/bin/../lib/gcc/arm-none-eabi/12.3.1/thumb/v7e-m+dp/hard/crtbegin.o
                [!provide]                        PROVIDE (__fini_array_end = .)
                0x0800b1dc                        _sidata = LOADADDR (.data)

.rel.dyn        0x0800b1dc        0x0
 .rel.iplt      0x0800b1dc        0x0 C:/ST/STM32CubeIDE_1.16.1/STM32CubeIDE/plugins/com.st.stm32cube.ide.mcu.externaltools.gnu-tools-for-stm32.12.3.rel1.win32_1.0.200.202406191623/tools/bin/../lib/gcc/arm-none-eabi/12.3.1/thumb/v7e-m+dp/hard/crtbegin.o

.data           0x24000000       0x34 load address 0x0800b1dc
                0x24000000                        . = ALIGN (0x4)
                0x24000000                        _sdata = .
 *(.data)
 *(.data*)
 .data.string_desc_arr
                0x24000000       0x14 ./Core/Src/usb_descriptors.o
                0x24000000                string_desc_arr
 .data.SystemCoreClock
                0x24000014        0x4 ./Drivers/CMSIS/Device/ST/STM32H7xx/Source/Templates/system_stm32h7xx.o
                0x24000014                SystemCoreClock
 .data.SystemD2Clock
                0x24000018        0x4 ./Drivers/CMSIS/Device/ST/STM32H7xx/Source/Templates/system_stm32h7xx.o
                0x24000018                SystemD2Clock
 .data.uwTickPrio
                0x2400001c        0x4 ./Drivers/STM32H7xx_HAL_Driver/Src/stm32h7xx_hal.o
                0x2400001c                uwTickPrio
 .data.uwTickFreq
                0x24000020        0x1 ./Drivers/STM32H7xx_HAL_Driver/Src/stm32h7xx_hal.o
                0x24000020                uwTickFreq
 .data._usbd_rhport
                0x24000021        0x1 ./Libs/tinyusb/src/device/usbd.o
 *fill*         0x24000022        0x2 
 .data._usbd_qdef
                0x24000024       0x10 ./Libs/tinyusb/src/device/usbd.o
                0x24000024                _usbd_qdef
 *(.RamFunc)
 *(.RamFunc*)
                0x24000034                        . = ALIGN (0x4)
                0x24000034                        _edata = .

.igot.plt       0x24000034        0x0 load address 0x0800b210
 .igot.plt      0x24000034        0x0 C:/ST/STM32CubeIDE_1.16.1/STM32CubeIDE/plugins/com.st.stm32cube.ide.mcu.externaltools.gnu-tools-for-stm32.12.3.rel1.win32_1.0.200.202406191623/tools/bin/../lib/gcc/arm-none-eabi/12.3.1/thumb/v7e-m+dp/hard/crtbegin.o
                0x24000034                        . = ALIGN (0x4)

.bss            0x24000034      0xabc load address 0x0800b210
                0x24000034                        _sbss = .
                0x24000034                        __bss_start__ = _sbss
 *(.bss)
 .bss           0x24000034       0x1c C:/ST/STM32CubeIDE_1.16.1/STM32CubeIDE/plugins/com.st.stm32cube.ide.mcu.externaltools.gnu-tools-for-stm32.12.3.rel1.win32_1.0.200.202406191623/tools/bin/../lib/gcc/arm-none-eabi/12.3.1/thumb/v7e-m+dp/hard/crtbegin.o
 *(.bss*)
 .bss.hlpuart1  0x24000050       0x94 ./Core/Src/main.o
                0x24000050                hlpuart1
 .bss.hpcd_USB_OTG_HS
                0x240000e4      0x4e4 ./Core/Src/main.o
                0x240000e4                hpcd_USB_OTG_HS
 .bss._desc_str
                0x240005c8       0x42 ./Core/Src/usb_descriptors.o
 *fill*         0x2400060a        0x2 
 .bss.uwTick    0x2400060c        0x4 ./Drivers/STM32H7xx_HAL_Driver/Src/stm32h7xx_hal.o
                0x2400060c                uwTick
 .bss._cdcd_itf
                0x24000610      0x150 ./Libs/tinyusb/src/class/cdc/cdc_device.o
 .bss._cdcd_epbuf
                0x24000760      0x100 ./Libs/tinyusb/src/class/cdc/cdc_device.o
 .bss._cdcd_fifo_cfg
                0x24000860        0x1 ./Libs/tinyusb/src/class/cdc/cdc_device.o
 *fill*         0x24000861        0x3 
 .bss._usbd_dev
                0x24000864       0x38 ./Libs/tinyusb/src/device/usbd.o
 .bss._usbd_queued_setup
                0x2400089c        0x1 ./Libs/tinyusb/src/device/usbd.o
 *fill*         0x2400089d        0x3 
 .bss._app_driver
                0x240008a0        0x4 ./Libs/tinyusb/src/device/usbd.o
 .bss._app_driver_count
                0x240008a4        0x1 ./Libs/tinyusb/src/device/usbd.o
 *fill*         0x240008a5        0x3 
 .bss._usbd_qdef_buf
                0x240008a8       0xc0 ./Libs/tinyusb/src/device/usbd.o
                0x240008a8                _usbd_qdef_buf
 .bss._usbd_q   0x24000968        0x4 ./Libs/tinyusb/src/device/usbd.o
 .bss._ctrl_xfer
                0x2400096c       0x14 ./Libs/tinyusb/src/device/usbd_control.o
 .bss._ctrl_epbuf
                0x24000980       0x40 ./Libs/tinyusb/src/device/usbd_control.o
 .bss.xfer_status
                0x240009c0      0x120 ./Libs/tinyusb/src/portable/synopsys/dwc2/dcd_dwc2.o
 .bss._dcd_data
                0x24000ae0        0x8 ./Libs/tinyusb/src/portable/synopsys/dwc2/dcd_dwc2.o
 .bss._dcd_usbbuf
                0x24000ae8        0x8 ./Libs/tinyusb/src/portable/synopsys/dwc2/dcd_dwc2.o
 *(COMMON)
                0x24000af0                        . = ALIGN (0x4)
                0x24000af0                        _ebss = .
                0x24000af0                        __bss_end__ = _ebss

._user_heap_stack
                0x24000af0      0x600 load address 0x0800b210
                0x24000af0                        . = ALIGN (0x8)
                [!provide]                        PROVIDE (end = .)
                0x24000af0                        PROVIDE (_end = .)
                0x24000cf0                        . = (. + _Min_Heap_Size)
 *fill*         0x24000af0      0x200 
                0x240010f0                        . = (. + _Min_Stack_Size)
 *fill*         0x24000cf0      0x400 
                0x240010f0                        . = ALIGN (0x8)

/DISCARD/
 libc.a(*)
 libm.a(*)
 libgcc.a(*)

.ARM.attributes
                0x00000000       0x2e
 *(.ARM.attributes)
 .ARM.attributes
                0x00000000       0x20 C:/ST/STM32CubeIDE_1.16.1/STM32CubeIDE/plugins/com.st.stm32cube.ide.mcu.externaltools.gnu-tools-for-stm32.12.3.rel1.win32_1.0.200.202406191623/tools/bin/../lib/gcc/arm-none-eabi/12.3.1/thumb/v7e-m+dp/hard/crti.o
 .ARM.attributes
                0x00000020       0x32 C:/ST/STM32CubeIDE_1.16.1/STM32CubeIDE/plugins/com.st.stm32cube.ide.mcu.externaltools.gnu-tools-for-stm32.12.3.rel1.win32_1.0.200.202406191623/tools/bin/../lib/gcc/arm-none-eabi/12.3.1/thumb/v7e-m+dp/hard/crtbegin.o
 .ARM.attributes
                0x00000052       0x32 ./Core/Src/main.o
 .ARM.attributes
                0x00000084       0x32 ./Core/Src/stm32h7xx_hal_msp.o
 .ARM.attributes
                0x000000b6       0x32 ./Core/Src/stm32h7xx_it.o
 .ARM.attributes
                0x000000e8       0x32 ./Core/Src/usb_descriptors.o
 .ARM.attributes
                0x0000011a       0x21 ./Core/Startup/startup_stm32h723zgtx.o
 .ARM.attributes
                0x0000013b       0x32 ./Drivers/CMSIS/Device/ST/STM32H7xx/Source/Templates/system_stm32h7xx.o
 .ARM.attributes
                0x0000016d       0x32 ./Drivers/STM32H7xx_HAL_Driver/Src/stm32h7xx_hal.o
 .ARM.attributes
                0x0000019f       0x32 ./Drivers/STM32H7xx_HAL_Driver/Src/stm32h7xx_hal_cortex.o
 .ARM.attributes
                0x000001d1       0x32 ./Drivers/STM32H7xx_HAL_Driver/Src/stm32h7xx_hal_gpio.o
 .ARM.attributes
                0x00000203       0x32 ./Drivers/STM32H7xx_HAL_Driver/Src/stm32h7xx_hal_pcd.o
 .ARM.attributes
                0x00000235       0x32 ./Drivers/STM32H7xx_HAL_Driver/Src/stm32h7xx_hal_pcd_ex.o
 .ARM.attributes
                0x00000267       0x32 ./Drivers/STM32H7xx_HAL_Driver/Src/stm32h7xx_hal_pwr_ex.o
 .ARM.attributes
                0x00000299       0x32 ./Drivers/STM32H7xx_HAL_Driver/Src/stm32h7xx_hal_rcc.o
 .ARM.attributes
                0x000002cb       0x32 ./Drivers/STM32H7xx_HAL_Driver/Src/stm32h7xx_hal_rcc_ex.o
 .ARM.attributes
                0x000002fd       0x32 ./Drivers/STM32H7xx_HAL_Driver/Src/stm32h7xx_hal_uart.o
 .ARM.attributes
                0x0000032f       0x32 ./Drivers/STM32H7xx_HAL_Driver/Src/stm32h7xx_hal_uart_ex.o
 .ARM.attributes
                0x00000361       0x32 ./Drivers/STM32H7xx_HAL_Driver/Src/stm32h7xx_ll_usb.o
 .ARM.attributes
                0x00000393       0x32 ./Libs/tinyusb/src/class/cdc/cdc_device.o
 .ARM.attributes
                0x000003c5       0x32 ./Libs/tinyusb/src/common/tusb_fifo.o
 .ARM.attributes
                0x000003f7       0x32 ./Libs/tinyusb/src/device/usbd.o
 .ARM.attributes
                0x00000429       0x32 ./Libs/tinyusb/src/device/usbd_control.o
 .ARM.attributes
                0x0000045b       0x32 ./Libs/tinyusb/src/portable/synopsys/dwc2/dcd_dwc2.o
 .ARM.attributes
                0x0000048d       0x32 ./Libs/tinyusb/src/portable/synopsys/dwc2/dwc2_common.o
 .ARM.attributes
                0x000004bf       0x32 ./Libs/tinyusb/src/tusb.o
 .ARM.attributes
                0x000004f1       0x32 C:/ST/STM32CubeIDE_1.16.1/STM32CubeIDE/plugins/com.st.stm32cube.ide.mcu.externaltools.gnu-tools-for-stm32.12.3.rel1.win32_1.0.200.202406191623/tools/bin/../lib/gcc/arm-none-eabi/12.3.1/../../../../arm-none-eabi/lib/thumb/v7e-m+dp/hard\libc_nano.a(libc_a-ctype_.o)
 .ARM.attributes
                0x00000523       0x32 C:/ST/STM32CubeIDE_1.16.1/STM32CubeIDE/plugins/com.st.stm32cube.ide.mcu.externaltools.gnu-tools-for-stm32.12.3.rel1.win32_1.0.200.202406191623/tools/bin/../lib/gcc/arm-none-eabi/12.3.1/../../../../arm-none-eabi/lib/thumb/v7e-m+dp/hard\libc_nano.a(libc_a-memset.o)
 .ARM.attributes
                0x00000555       0x32 C:/ST/STM32CubeIDE_1.16.1/STM32CubeIDE/plugins/com.st.stm32cube.ide.mcu.externaltools.gnu-tools-for-stm32.12.3.rel1.win32_1.0.200.202406191623/tools/bin/../lib/gcc/arm-none-eabi/12.3.1/../../../../arm-none-eabi/lib/thumb/v7e-m+dp/hard\libc_nano.a(libc_a-init.o)
 .ARM.attributes
                0x00000587       0x32 C:/ST/STM32CubeIDE_1.16.1/STM32CubeIDE/plugins/com.st.stm32cube.ide.mcu.externaltools.gnu-tools-for-stm32.12.3.rel1.win32_1.0.200.202406191623/tools/bin/../lib/gcc/arm-none-eabi/12.3.1/../../../../arm-none-eabi/lib/thumb/v7e-m+dp/hard\libc_nano.a(libc_a-memcpy-stub.o)
 .ARM.attributes
                0x000005b9       0x17 C:/ST/STM32CubeIDE_1.16.1/STM32CubeIDE/plugins/com.st.stm32cube.ide.mcu.externaltools.gnu-tools-for-stm32.12.3.rel1.win32_1.0.200.202406191623/tools/bin/../lib/gcc/arm-none-eabi/12.3.1/../../../../arm-none-eabi/lib/thumb/v7e-m+dp/hard\libc_nano.a(libc_a-strlen.o)
 .ARM.attributes
                0x000005d0       0x20 C:/ST/STM32CubeIDE_1.16.1/STM32CubeIDE/plugins/com.st.stm32cube.ide.mcu.externaltools.gnu-tools-for-stm32.12.3.rel1.win32_1.0.200.202406191623/tools/bin/../lib/gcc/arm-none-eabi/12.3.1/thumb/v7e-m+dp/hard\libgcc.a(_aeabi_uldivmod.o)
 .ARM.attributes
                0x000005f0       0x32 C:/ST/STM32CubeIDE_1.16.1/STM32CubeIDE/plugins/com.st.stm32cube.ide.mcu.externaltools.gnu-tools-for-stm32.12.3.rel1.win32_1.0.200.202406191623/tools/bin/../lib/gcc/arm-none-eabi/12.3.1/thumb/v7e-m+dp/hard\libgcc.a(_udivmoddi4.o)
 .ARM.attributes
                0x00000622       0x20 C:/ST/STM32CubeIDE_1.16.1/STM32CubeIDE/plugins/com.st.stm32cube.ide.mcu.externaltools.gnu-tools-for-stm32.12.3.rel1.win32_1.0.200.202406191623/tools/bin/../lib/gcc/arm-none-eabi/12.3.1/thumb/v7e-m+dp/hard\libgcc.a(_dvmd_tls.o)
 .ARM.attributes
                0x00000642       0x20 C:/ST/STM32CubeIDE_1.16.1/STM32CubeIDE/plugins/com.st.stm32cube.ide.mcu.externaltools.gnu-tools-for-stm32.12.3.rel1.win32_1.0.200.202406191623/tools/bin/../lib/gcc/arm-none-eabi/12.3.1/thumb/v7e-m+dp/hard/crtn.o
OUTPUT(tinyusb-h7-v2.elf elf32-littlearm)
LOAD linker stubs
LOAD C:/ST/STM32CubeIDE_1.16.1/STM32CubeIDE/plugins/com.st.stm32cube.ide.mcu.externaltools.gnu-tools-for-stm32.12.3.rel1.win32_1.0.200.202406191623/tools/bin/../lib/gcc/arm-none-eabi/12.3.1/../../../../arm-none-eabi/lib/thumb/v7e-m+dp/hard\libc.a
LOAD C:/ST/STM32CubeIDE_1.16.1/STM32CubeIDE/plugins/com.st.stm32cube.ide.mcu.externaltools.gnu-tools-for-stm32.12.3.rel1.win32_1.0.200.202406191623/tools/bin/../lib/gcc/arm-none-eabi/12.3.1/../../../../arm-none-eabi/lib/thumb/v7e-m+dp/hard\libm.a
LOAD C:/ST/STM32CubeIDE_1.16.1/STM32CubeIDE/plugins/com.st.stm32cube.ide.mcu.externaltools.gnu-tools-for-stm32.12.3.rel1.win32_1.0.200.202406191623/tools/bin/../lib/gcc/arm-none-eabi/12.3.1/thumb/v7e-m+dp/hard\libgcc.a

.debug_info     0x00000000    0x21835
 .debug_info    0x00000000     0x17cb ./Core/Src/main.o
 .debug_info    0x000017cb     0x197e ./Core/Src/stm32h7xx_hal_msp.o
 .debug_info    0x00003149      0x167 ./Core/Src/stm32h7xx_it.o
 .debug_info    0x000032b0      0x742 ./Core/Src/usb_descriptors.o
 .debug_info    0x000039f2       0x30 ./Core/Startup/startup_stm32h723zgtx.o
 .debug_info    0x00003a22      0xb2e ./Drivers/CMSIS/Device/ST/STM32H7xx/Source/Templates/system_stm32h7xx.o
 .debug_info    0x00004550     0x1698 ./Drivers/STM32H7xx_HAL_Driver/Src/stm32h7xx_hal.o
 .debug_info    0x00005be8     0x10a0 ./Drivers/STM32H7xx_HAL_Driver/Src/stm32h7xx_hal_cortex.o
 .debug_info    0x00006c88      0xc5c ./Drivers/STM32H7xx_HAL_Driver/Src/stm32h7xx_hal_gpio.o
 .debug_info    0x000078e4     0x1561 ./Drivers/STM32H7xx_HAL_Driver/Src/stm32h7xx_hal_pcd.o
 .debug_info    0x00008e45      0x8b3 ./Drivers/STM32H7xx_HAL_Driver/Src/stm32h7xx_hal_pcd_ex.o
 .debug_info    0x000096f8      0xdc4 ./Drivers/STM32H7xx_HAL_Driver/Src/stm32h7xx_hal_pwr_ex.o
 .debug_info    0x0000a4bc      0xd73 ./Drivers/STM32H7xx_HAL_Driver/Src/stm32h7xx_hal_rcc.o
 .debug_info    0x0000b22f     0x11fc ./Drivers/STM32H7xx_HAL_Driver/Src/stm32h7xx_hal_rcc_ex.o
 .debug_info    0x0000c42b     0x4b13 ./Drivers/STM32H7xx_HAL_Driver/Src/stm32h7xx_hal_uart.o
 .debug_info    0x00010f3e      0xfbf ./Drivers/STM32H7xx_HAL_Driver/Src/stm32h7xx_hal_uart_ex.o
 .debug_info    0x00011efd     0x1a1e ./Drivers/STM32H7xx_HAL_Driver/Src/stm32h7xx_ll_usb.o
 .debug_info    0x0001391b     0x1414 ./Libs/tinyusb/src/class/cdc/cdc_device.o
 .debug_info    0x00014d2f     0x13b1 ./Libs/tinyusb/src/common/tusb_fifo.o
 .debug_info    0x000160e0     0x2ddf ./Libs/tinyusb/src/device/usbd.o
 .debug_info    0x00018ebf      0x751 ./Libs/tinyusb/src/device/usbd_control.o
 .debug_info    0x00019610     0x445b ./Libs/tinyusb/src/portable/synopsys/dwc2/dcd_dwc2.o
 .debug_info    0x0001da6b     0x28ec ./Libs/tinyusb/src/portable/synopsys/dwc2/dwc2_common.o
 .debug_info    0x00020357     0x14de ./Libs/tinyusb/src/tusb.o

.debug_abbrev   0x00000000     0x4494
 .debug_abbrev  0x00000000      0x3da ./Core/Src/main.o
 .debug_abbrev  0x000003da      0x243 ./Core/Src/stm32h7xx_hal_msp.o
 .debug_abbrev  0x0000061d       0xa0 ./Core/Src/stm32h7xx_it.o
 .debug_abbrev  0x000006bd      0x1d5 ./Core/Src/usb_descriptors.o
 .debug_abbrev  0x00000892       0x24 ./Core/Startup/startup_stm32h723zgtx.o
 .debug_abbrev  0x000008b6      0x13a ./Drivers/CMSIS/Device/ST/STM32H7xx/Source/Templates/system_stm32h7xx.o
 .debug_abbrev  0x000009f0      0x29e ./Drivers/STM32H7xx_HAL_Driver/Src/stm32h7xx_hal.o
 .debug_abbrev  0x00000c8e      0x339 ./Drivers/STM32H7xx_HAL_Driver/Src/stm32h7xx_hal_cortex.o
 .debug_abbrev  0x00000fc7      0x1fe ./Drivers/STM32H7xx_HAL_Driver/Src/stm32h7xx_hal_gpio.o
 .debug_abbrev  0x000011c5      0x2dc ./Drivers/STM32H7xx_HAL_Driver/Src/stm32h7xx_hal_pcd.o
 .debug_abbrev  0x000014a1      0x256 ./Drivers/STM32H7xx_HAL_Driver/Src/stm32h7xx_hal_pcd_ex.o
 .debug_abbrev  0x000016f7      0x295 ./Drivers/STM32H7xx_HAL_Driver/Src/stm32h7xx_hal_pwr_ex.o
 .debug_abbrev  0x0000198c      0x2b1 ./Drivers/STM32H7xx_HAL_Driver/Src/stm32h7xx_hal_rcc.o
 .debug_abbrev  0x00001c3d      0x269 ./Drivers/STM32H7xx_HAL_Driver/Src/stm32h7xx_hal_rcc_ex.o
 .debug_abbrev  0x00001ea6      0x33d ./Drivers/STM32H7xx_HAL_Driver/Src/stm32h7xx_hal_uart.o
 .debug_abbrev  0x000021e3      0x2d2 ./Drivers/STM32H7xx_HAL_Driver/Src/stm32h7xx_hal_uart_ex.o
 .debug_abbrev  0x000024b5      0x2b3 ./Drivers/STM32H7xx_HAL_Driver/Src/stm32h7xx_ll_usb.o
 .debug_abbrev  0x00002768      0x485 ./Libs/tinyusb/src/class/cdc/cdc_device.o
 .debug_abbrev  0x00002bed      0x323 ./Libs/tinyusb/src/common/tusb_fifo.o
 .debug_abbrev  0x00002f10      0x54c ./Libs/tinyusb/src/device/usbd.o
 .debug_abbrev  0x0000345c      0x309 ./Libs/tinyusb/src/device/usbd_control.o
 .debug_abbrev  0x00003765      0x559 ./Libs/tinyusb/src/portable/synopsys/dwc2/dcd_dwc2.o
 .debug_abbrev  0x00003cbe      0x3f4 ./Libs/tinyusb/src/portable/synopsys/dwc2/dwc2_common.o
 .debug_abbrev  0x000040b2      0x3e2 ./Libs/tinyusb/src/tusb.o

.debug_aranges  0x00000000     0x1400
 .debug_aranges
                0x00000000       0x68 ./Core/Src/main.o
 .debug_aranges
                0x00000068       0x40 ./Core/Src/stm32h7xx_hal_msp.o
 .debug_aranges
                0x000000a8       0x68 ./Core/Src/stm32h7xx_it.o
 .debug_aranges
                0x00000110       0x38 ./Core/Src/usb_descriptors.o
 .debug_aranges
                0x00000148       0x28 ./Core/Startup/startup_stm32h723zgtx.o
 .debug_aranges
                0x00000170       0x28 ./Drivers/CMSIS/Device/ST/STM32H7xx/Source/Templates/system_stm32h7xx.o
 .debug_aranges
                0x00000198      0x1c8 ./Drivers/STM32H7xx_HAL_Driver/Src/stm32h7xx_hal.o
 .debug_aranges
                0x00000360      0x130 ./Drivers/STM32H7xx_HAL_Driver/Src/stm32h7xx_hal_cortex.o
 .debug_aranges
                0x00000490       0x58 ./Drivers/STM32H7xx_HAL_Driver/Src/stm32h7xx_hal_gpio.o
 .debug_aranges
                0x000004e8      0x140 ./Drivers/STM32H7xx_HAL_Driver/Src/stm32h7xx_hal_pcd.o
 .debug_aranges
                0x00000628       0x60 ./Drivers/STM32H7xx_HAL_Driver/Src/stm32h7xx_hal_pcd_ex.o
 .debug_aranges
                0x00000688      0x148 ./Drivers/STM32H7xx_HAL_Driver/Src/stm32h7xx_hal_pwr_ex.o
 .debug_aranges
                0x000007d0       0x88 ./Drivers/STM32H7xx_HAL_Driver/Src/stm32h7xx_hal_rcc.o
 .debug_aranges
                0x00000858       0xf8 ./Drivers/STM32H7xx_HAL_Driver/Src/stm32h7xx_hal_rcc_ex.o
 .debug_aranges
                0x00000950      0x248 ./Drivers/STM32H7xx_HAL_Driver/Src/stm32h7xx_hal_uart.o
 .debug_aranges
                0x00000b98       0xa8 ./Drivers/STM32H7xx_HAL_Driver/Src/stm32h7xx_hal_uart_ex.o
 .debug_aranges
                0x00000c40      0x1a0 ./Drivers/STM32H7xx_HAL_Driver/Src/stm32h7xx_ll_usb.o
 .debug_aranges
                0x00000de0       0xc0 ./Libs/tinyusb/src/class/cdc/cdc_device.o
 .debug_aranges
                0x00000ea0      0x118 ./Libs/tinyusb/src/common/tusb_fifo.o
 .debug_aranges
                0x00000fb8      0x1b8 ./Libs/tinyusb/src/device/usbd.o
 .debug_aranges
                0x00001170       0x60 ./Libs/tinyusb/src/device/usbd_control.o
 .debug_aranges
                0x000011d0      0x110 ./Libs/tinyusb/src/portable/synopsys/dwc2/dcd_dwc2.o
 .debug_aranges
                0x000012e0       0x68 ./Libs/tinyusb/src/portable/synopsys/dwc2/dwc2_common.o
 .debug_aranges
                0x00001348       0xb8 ./Libs/tinyusb/src/tusb.o

.debug_rnglists
                0x00000000      0xfeb
 .debug_rnglists
                0x00000000       0x4c ./Core/Src/main.o
 .debug_rnglists
                0x0000004c       0x2d ./Core/Src/stm32h7xx_hal_msp.o
 .debug_rnglists
                0x00000079       0x49 ./Core/Src/stm32h7xx_it.o
 .debug_rnglists
                0x000000c2       0x27 ./Core/Src/usb_descriptors.o
 .debug_rnglists
                0x000000e9       0x19 ./Core/Startup/startup_stm32h723zgtx.o
 .debug_rnglists
                0x00000102       0x1b ./Drivers/CMSIS/Device/ST/STM32H7xx/Source/Templates/system_stm32h7xx.o
 .debug_rnglists
                0x0000011d      0x155 ./Drivers/STM32H7xx_HAL_Driver/Src/stm32h7xx_hal.o
 .debug_rnglists
                0x00000272       0xe0 ./Drivers/STM32H7xx_HAL_Driver/Src/stm32h7xx_hal_cortex.o
 .debug_rnglists
                0x00000352       0x3f ./Drivers/STM32H7xx_HAL_Driver/Src/stm32h7xx_hal_gpio.o
 .debug_rnglists
                0x00000391       0xf4 ./Drivers/STM32H7xx_HAL_Driver/Src/stm32h7xx_hal_pcd.o
 .debug_rnglists
                0x00000485       0x45 ./Drivers/STM32H7xx_HAL_Driver/Src/stm32h7xx_hal_pcd_ex.o
 .debug_rnglists
                0x000004ca       0xf5 ./Drivers/STM32H7xx_HAL_Driver/Src/stm32h7xx_hal_pwr_ex.o
 .debug_rnglists
                0x000005bf       0x68 ./Drivers/STM32H7xx_HAL_Driver/Src/stm32h7xx_hal_rcc.o
 .debug_rnglists
                0x00000627       0xc0 ./Drivers/STM32H7xx_HAL_Driver/Src/stm32h7xx_hal_rcc_ex.o
 .debug_rnglists
                0x000006e7      0x1fa ./Drivers/STM32H7xx_HAL_Driver/Src/stm32h7xx_hal_uart.o
 .debug_rnglists
                0x000008e1       0x7f ./Drivers/STM32H7xx_HAL_Driver/Src/stm32h7xx_hal_uart_ex.o
 .debug_rnglists
                0x00000960      0x147 ./Drivers/STM32H7xx_HAL_Driver/Src/stm32h7xx_ll_usb.o
 .debug_rnglists
                0x00000aa7       0x92 ./Libs/tinyusb/src/class/cdc/cdc_device.o
 .debug_rnglists
                0x00000b39       0xd5 ./Libs/tinyusb/src/common/tusb_fifo.o
 .debug_rnglists
                0x00000c0e      0x1ac ./Libs/tinyusb/src/device/usbd.o
 .debug_rnglists
                0x00000dba       0x46 ./Libs/tinyusb/src/device/usbd_control.o
 .debug_rnglists
                0x00000e00       0xf6 ./Libs/tinyusb/src/portable/synopsys/dwc2/dcd_dwc2.o
 .debug_rnglists
                0x00000ef6       0x4e ./Libs/tinyusb/src/portable/synopsys/dwc2/dwc2_common.o
 .debug_rnglists
                0x00000f44       0xa7 ./Libs/tinyusb/src/tusb.o

.debug_macro    0x00000000    0x37473
 .debug_macro   0x00000000      0x41c ./Core/Src/main.o
 .debug_macro   0x0000041c      0xacc ./Core/Src/main.o
 .debug_macro   0x00000ee8      0x238 ./Core/Src/main.o
 .debug_macro   0x00001120       0x2e ./Core/Src/main.o
 .debug_macro   0x0000114e       0x3b ./Core/Src/main.o
 .debug_macro   0x00001189       0x22 ./Core/Src/main.o
 .debug_macro   0x000011ab       0x8e ./Core/Src/main.o
 .debug_macro   0x00001239       0x51 ./Core/Src/main.o
 .debug_macro   0x0000128a      0x103 ./Core/Src/main.o
 .debug_macro   0x0000138d       0x6a ./Core/Src/main.o
 .debug_macro   0x000013f7      0x1df ./Core/Src/main.o
 .debug_macro   0x000015d6       0x1c ./Core/Src/main.o
 .debug_macro   0x000015f2       0x22 ./Core/Src/main.o
 .debug_macro   0x00001614       0xfb ./Core/Src/main.o
 .debug_macro   0x0000170f     0x1305 ./Core/Src/main.o
 .debug_macro   0x00002a14      0x11f ./Core/Src/main.o
 .debug_macro   0x00002b33       0x27 ./Core/Src/main.o
 .debug_macro   0x00002b5a    0x2127f ./Core/Src/main.o
 .debug_macro   0x00023dd9       0x6d ./Core/Src/main.o
 .debug_macro   0x00023e46     0x3d64 ./Core/Src/main.o
 .debug_macro   0x00027baa      0x189 ./Core/Src/main.o
 .debug_macro   0x00027d33       0x61 ./Core/Src/main.o
 .debug_macro   0x00027d94       0x29 ./Core/Src/main.o
 .debug_macro   0x00027dbd       0x43 ./Core/Src/main.o
 .debug_macro   0x00027e00       0x34 ./Core/Src/main.o
 .debug_macro   0x00027e34       0x16 ./Core/Src/main.o
 .debug_macro   0x00027e4a       0x43 ./Core/Src/main.o
 .debug_macro   0x00027e8d       0x34 ./Core/Src/main.o
 .debug_macro   0x00027ec1       0x10 ./Core/Src/main.o
 .debug_macro   0x00027ed1       0x58 ./Core/Src/main.o
 .debug_macro   0x00027f29       0x8e ./Core/Src/main.o
 .debug_macro   0x00027fb7       0x1c ./Core/Src/main.o
 .debug_macro   0x00027fd3      0x177 ./Core/Src/main.o
 .debug_macro   0x0002814a      0x369 ./Core/Src/main.o
 .debug_macro   0x000284b3      0x19b ./Core/Src/main.o
 .debug_macro   0x0002864e       0x5d ./Core/Src/main.o
 .debug_macro   0x000286ab     0x2462 ./Core/Src/main.o
 .debug_macro   0x0002ab0d     0x1079 ./Core/Src/main.o
 .debug_macro   0x0002bb86      0x154 ./Core/Src/main.o
 .debug_macro   0x0002bcda      0x114 ./Core/Src/main.o
 .debug_macro   0x0002bdee      0x3fc ./Core/Src/main.o
 .debug_macro   0x0002c1ea       0xac ./Core/Src/main.o
 .debug_macro   0x0002c296      0x788 ./Core/Src/main.o
 .debug_macro   0x0002ca1e      0x228 ./Core/Src/main.o
 .debug_macro   0x0002cc46       0x66 ./Core/Src/main.o
 .debug_macro   0x0002ccac      0x3a6 ./Core/Src/main.o
 .debug_macro   0x0002d052      0x3f9 ./Core/Src/main.o
 .debug_macro   0x0002d44b      0x275 ./Core/Src/main.o
 .debug_macro   0x0002d6c0      0x3ca ./Core/Src/main.o
 .debug_macro   0x0002da8a      0x45c ./Core/Src/main.o
 .debug_macro   0x0002dee6       0x3c ./Core/Src/main.o
 .debug_macro   0x0002df22       0x4a ./Core/Src/main.o
 .debug_macro   0x0002df6c      0x22c ./Core/Src/main.o
 .debug_macro   0x0002e198       0x67 ./Core/Src/main.o
 .debug_macro   0x0002e1ff       0xa5 ./Core/Src/main.o
 .debug_macro   0x0002e2a4      0x1c4 ./Core/Src/main.o
 .debug_macro   0x0002e468      0x22a ./Core/Src/main.o
 .debug_macro   0x0002e692       0x35 ./Core/Src/main.o
 .debug_macro   0x0002e6c7      0x693 ./Core/Src/main.o
 .debug_macro   0x0002ed5a       0xa6 ./Core/Src/main.o
 .debug_macro   0x0002ee00      0x293 ./Core/Src/main.o
 .debug_macro   0x0002f093       0x90 ./Core/Src/main.o
 .debug_macro   0x0002f123      0x5e6 ./Core/Src/main.o
 .debug_macro   0x0002f709       0x70 ./Core/Src/main.o
 .debug_macro   0x0002f779       0x22 ./Core/Src/main.o
 .debug_macro   0x0002f79b       0x10 ./Core/Src/main.o
 .debug_macro   0x0002f7ab       0x35 ./Core/Src/main.o
 .debug_macro   0x0002f7e0      0x460 ./Core/Src/main.o
 .debug_macro   0x0002fc40       0x16 ./Core/Src/main.o
 .debug_macro   0x0002fc56       0x20 ./Core/Src/main.o
 .debug_macro   0x0002fc76       0x1c ./Core/Src/main.o
 .debug_macro   0x0002fc92       0x10 ./Core/Src/main.o
 .debug_macro   0x0002fca2       0x1c ./Core/Src/main.o
 .debug_macro   0x0002fcbe       0x16 ./Core/Src/main.o
 .debug_macro   0x0002fcd4      0x146 ./Core/Src/main.o
 .debug_macro   0x0002fe1a      0x160 ./Core/Src/main.o
 .debug_macro   0x0002ff7a      0x33a ./Core/Src/main.o
 .debug_macro   0x000302b4       0x7c ./Core/Src/main.o
 .debug_macro   0x00030330       0x48 ./Core/Src/main.o
 .debug_macro   0x00030378      0x1bd ./Core/Src/main.o
 .debug_macro   0x00030535       0x46 ./Core/Src/main.o
 .debug_macro   0x0003057b       0x35 ./Core/Src/main.o
 .debug_macro   0x000305b0       0xc5 ./Core/Src/main.o
 .debug_macro   0x00030675       0x25 ./Core/Src/main.o
 .debug_macro   0x0003069a       0x28 ./Core/Src/main.o
 .debug_macro   0x000306c2       0x1c ./Core/Src/main.o
 .debug_macro   0x000306de       0x1f ./Core/Src/main.o
 .debug_macro   0x000306fd      0x389 ./Core/Src/main.o
 .debug_macro   0x00030a86       0x2d ./Core/Src/main.o
 .debug_macro   0x00030ab3       0x20 ./Core/Src/main.o
 .debug_macro   0x00030ad3      0x11f ./Core/Src/main.o
 .debug_macro   0x00030bf2      0x2c2 ./Core/Src/stm32h7xx_hal_msp.o
 .debug_macro   0x00030eb4      0x41d ./Core/Src/stm32h7xx_it.o
 .debug_macro   0x000312d1      0x2ad ./Core/Src/usb_descriptors.o
 .debug_macro   0x0003157e       0x3a ./Core/Src/usb_descriptors.o
 .debug_macro   0x000315b8       0x89 ./Core/Src/usb_descriptors.o
 .debug_macro   0x00031641      0x112 ./Core/Src/usb_descriptors.o
 .debug_macro   0x00031753       0x10 ./Core/Src/usb_descriptors.o
 .debug_macro   0x00031763      0x2b8 ./Drivers/CMSIS/Device/ST/STM32H7xx/Source/Templates/system_stm32h7xx.o
 .debug_macro   0x00031a1b      0x2e2 ./Drivers/STM32H7xx_HAL_Driver/Src/stm32h7xx_hal.o
 .debug_macro   0x00031cfd      0x2b8 ./Drivers/STM32H7xx_HAL_Driver/Src/stm32h7xx_hal_cortex.o
 .debug_macro   0x00031fb5      0x2bf ./Drivers/STM32H7xx_HAL_Driver/Src/stm32h7xx_hal_gpio.o
 .debug_macro   0x00032274      0x2c4 ./Drivers/STM32H7xx_HAL_Driver/Src/stm32h7xx_hal_pcd.o
 .debug_macro   0x00032538      0x2b8 ./Drivers/STM32H7xx_HAL_Driver/Src/stm32h7xx_hal_pcd_ex.o
 .debug_macro   0x000327f0      0x2f1 ./Drivers/STM32H7xx_HAL_Driver/Src/stm32h7xx_hal_pwr_ex.o
 .debug_macro   0x00032ae1      0x2dc ./Drivers/STM32H7xx_HAL_Driver/Src/stm32h7xx_hal_rcc.o
 .debug_macro   0x00032dbd      0x2d6 ./Drivers/STM32H7xx_HAL_Driver/Src/stm32h7xx_hal_rcc_ex.o
 .debug_macro   0x00033093      0x2e3 ./Drivers/STM32H7xx_HAL_Driver/Src/stm32h7xx_hal_uart.o
 .debug_macro   0x00033376      0x2c4 ./Drivers/STM32H7xx_HAL_Driver/Src/stm32h7xx_hal_uart_ex.o
 .debug_macro   0x0003363a      0x2b8 ./Drivers/STM32H7xx_HAL_Driver/Src/stm32h7xx_ll_usb.o
 .debug_macro   0x000338f2      0x26c ./Libs/tinyusb/src/class/cdc/cdc_device.o
 .debug_macro   0x00033b5e      0x383 ./Libs/tinyusb/src/class/cdc/cdc_device.o
 .debug_macro   0x00033ee1       0x2e ./Libs/tinyusb/src/class/cdc/cdc_device.o
 .debug_macro   0x00033f0f       0x10 ./Libs/tinyusb/src/class/cdc/cdc_device.o
 .debug_macro   0x00033f1f      0x235 ./Libs/tinyusb/src/common/tusb_fifo.o
 .debug_macro   0x00034154      0x291 ./Libs/tinyusb/src/device/usbd.o
 .debug_macro   0x000343e5       0x10 ./Libs/tinyusb/src/device/usbd.o
 .debug_macro   0x000343f5      0x279 ./Libs/tinyusb/src/device/usbd_control.o
 .debug_macro   0x0003466e      0x40f ./Libs/tinyusb/src/portable/synopsys/dwc2/dcd_dwc2.o
 .debug_macro   0x00034a7d     0x233e ./Libs/tinyusb/src/portable/synopsys/dwc2/dcd_dwc2.o
 .debug_macro   0x00036dbb       0x3c ./Libs/tinyusb/src/portable/synopsys/dwc2/dcd_dwc2.o
 .debug_macro   0x00036df7      0x403 ./Libs/tinyusb/src/portable/synopsys/dwc2/dwc2_common.o
 .debug_macro   0x000371fa      0x279 ./Libs/tinyusb/src/tusb.o

.debug_line     0x00000000    0x1ac66
 .debug_line    0x00000000      0xd11 ./Core/Src/main.o
 .debug_line    0x00000d11      0x9ab ./Core/Src/stm32h7xx_hal_msp.o
 .debug_line    0x000016bc      0xba0 ./Core/Src/stm32h7xx_it.o
 .debug_line    0x0000225c      0x8af ./Core/Src/usb_descriptors.o
 .debug_line    0x00002b0b       0x7a ./Core/Startup/startup_stm32h723zgtx.o
 .debug_line    0x00002b85      0xad5 ./Drivers/CMSIS/Device/ST/STM32H7xx/Source/Templates/system_stm32h7xx.o
 .debug_line    0x0000365a      0xf3c ./Drivers/STM32H7xx_HAL_Driver/Src/stm32h7xx_hal.o
 .debug_line    0x00004596      0xeda ./Drivers/STM32H7xx_HAL_Driver/Src/stm32h7xx_hal_cortex.o
 .debug_line    0x00005470      0xd6f ./Drivers/STM32H7xx_HAL_Driver/Src/stm32h7xx_hal_gpio.o
 .debug_line    0x000061df     0x16c6 ./Drivers/STM32H7xx_HAL_Driver/Src/stm32h7xx_hal_pcd.o
 .debug_line    0x000078a5      0xb08 ./Drivers/STM32H7xx_HAL_Driver/Src/stm32h7xx_hal_pcd_ex.o
 .debug_line    0x000083ad      0xf29 ./Drivers/STM32H7xx_HAL_Driver/Src/stm32h7xx_hal_pwr_ex.o
 .debug_line    0x000092d6     0x13d2 ./Drivers/STM32H7xx_HAL_Driver/Src/stm32h7xx_hal_rcc.o
 .debug_line    0x0000a6a8     0x1ca1 ./Drivers/STM32H7xx_HAL_Driver/Src/stm32h7xx_hal_rcc_ex.o
 .debug_line    0x0000c349     0x3f98 ./Drivers/STM32H7xx_HAL_Driver/Src/stm32h7xx_hal_uart.o
 .debug_line    0x000102e1      0xf49 ./Drivers/STM32H7xx_HAL_Driver/Src/stm32h7xx_hal_uart_ex.o
 .debug_line    0x0001122a     0x1f8c ./Drivers/STM32H7xx_HAL_Driver/Src/stm32h7xx_ll_usb.o
 .debug_line    0x000131b6      0xecf ./Libs/tinyusb/src/class/cdc/cdc_device.o
 .debug_line    0x00014085     0x1057 ./Libs/tinyusb/src/common/tusb_fifo.o
 .debug_line    0x000150dc     0x19ee ./Libs/tinyusb/src/device/usbd.o
 .debug_line    0x00016aca      0x9a9 ./Libs/tinyusb/src/device/usbd_control.o
 .debug_line    0x00017473     0x1a73 ./Libs/tinyusb/src/portable/synopsys/dwc2/dcd_dwc2.o
 .debug_line    0x00018ee6      0xe4f ./Libs/tinyusb/src/portable/synopsys/dwc2/dwc2_common.o
 .debug_line    0x00019d35      0xf31 ./Libs/tinyusb/src/tusb.o

.debug_str      0x00000000   0x15b9ee
 .debug_str     0x00000000   0x1487c8 ./Core/Src/main.o
                             0x148cdc (size before relaxing)
 .debug_str     0x001487c8      0xb9c ./Core/Src/stm32h7xx_hal_msp.o
                             0x13d36b (size before relaxing)
 .debug_str     0x00149364       0xdb ./Core/Src/stm32h7xx_it.o
                             0x14751d (size before relaxing)
 .debug_str     0x0014943f      0xf23 ./Core/Src/usb_descriptors.o
                              0x13a58 (size before relaxing)
 .debug_str     0x0014a362       0x44 ./Core/Startup/startup_stm32h723zgtx.o
                                 0x88 (size before relaxing)
 .debug_str     0x0014a3a6      0x2d8 ./Drivers/CMSIS/Device/ST/STM32H7xx/Source/Templates/system_stm32h7xx.o
                             0x13c023 (size before relaxing)
 .debug_str     0x0014a67e      0x9b8 ./Drivers/STM32H7xx_HAL_Driver/Src/stm32h7xx_hal.o
                             0x13d083 (size before relaxing)
 .debug_str     0x0014b036      0x35f ./Drivers/STM32H7xx_HAL_Driver/Src/stm32h7xx_hal_cortex.o
                             0x13c99d (size before relaxing)
 .debug_str     0x0014b395      0x128 ./Drivers/STM32H7xx_HAL_Driver/Src/stm32h7xx_hal_gpio.o
                             0x13c044 (size before relaxing)
 .debug_str     0x0014b4bd      0x813 ./Drivers/STM32H7xx_HAL_Driver/Src/stm32h7xx_hal_pcd.o
                             0x13c7f6 (size before relaxing)
 .debug_str     0x0014bcd0      0x16f ./Drivers/STM32H7xx_HAL_Driver/Src/stm32h7xx_hal_pcd_ex.o
                             0x13c194 (size before relaxing)
 .debug_str     0x0014be3f      0x5cb ./Drivers/STM32H7xx_HAL_Driver/Src/stm32h7xx_hal_pwr_ex.o
                             0x13c44c (size before relaxing)
 .debug_str     0x0014c40a      0x21a ./Drivers/STM32H7xx_HAL_Driver/Src/stm32h7xx_hal_rcc.o
                             0x13c3c7 (size before relaxing)
 .debug_str     0x0014c624      0x64b ./Drivers/STM32H7xx_HAL_Driver/Src/stm32h7xx_hal_rcc_ex.o
                             0x13c8df (size before relaxing)
 .debug_str     0x0014cc6f      0xa7a ./Drivers/STM32H7xx_HAL_Driver/Src/stm32h7xx_hal_uart.o
                             0x13cf67 (size before relaxing)
 .debug_str     0x0014d6e9      0x26d ./Drivers/STM32H7xx_HAL_Driver/Src/stm32h7xx_hal_uart_ex.o
                             0x13c527 (size before relaxing)
 .debug_str     0x0014d956      0x4a9 ./Drivers/STM32H7xx_HAL_Driver/Src/stm32h7xx_ll_usb.o
                             0x13c6f0 (size before relaxing)
 .debug_str     0x0014ddff      0xd0c ./Libs/tinyusb/src/class/cdc/cdc_device.o
                              0x13e6a (size before relaxing)
 .debug_str     0x0014eb0b      0x3d1 ./Libs/tinyusb/src/common/tusb_fifo.o
                               0xc2d7 (size before relaxing)
 .debug_str     0x0014eedc      0xd53 ./Libs/tinyusb/src/device/usbd.o
                              0x141d8 (size before relaxing)
 .debug_str     0x0014fc2f       0xf8 ./Libs/tinyusb/src/device/usbd_control.o
                              0x12f1e (size before relaxing)
 .debug_str     0x0014fd27     0xb8ff ./Libs/tinyusb/src/portable/synopsys/dwc2/dcd_dwc2.o
                             0x14ee84 (size before relaxing)
 .debug_str     0x0015b626       0xf4 ./Libs/tinyusb/src/portable/synopsys/dwc2/dwc2_common.o
                             0x14e5e3 (size before relaxing)
 .debug_str     0x0015b71a      0x2d4 ./Libs/tinyusb/src/tusb.o
                              0x13555 (size before relaxing)

.comment        0x00000000       0x43
 .comment       0x00000000       0x43 ./Core/Src/main.o
                                 0x44 (size before relaxing)
 .comment       0x00000043       0x44 ./Core/Src/stm32h7xx_hal_msp.o
 .comment       0x00000043       0x44 ./Core/Src/stm32h7xx_it.o
 .comment       0x00000043       0x44 ./Core/Src/usb_descriptors.o
 .comment       0x00000043       0x44 ./Drivers/CMSIS/Device/ST/STM32H7xx/Source/Templates/system_stm32h7xx.o
 .comment       0x00000043       0x44 ./Drivers/STM32H7xx_HAL_Driver/Src/stm32h7xx_hal.o
 .comment       0x00000043       0x44 ./Drivers/STM32H7xx_HAL_Driver/Src/stm32h7xx_hal_cortex.o
 .comment       0x00000043       0x44 ./Drivers/STM32H7xx_HAL_Driver/Src/stm32h7xx_hal_gpio.o
 .comment       0x00000043       0x44 ./Drivers/STM32H7xx_HAL_Driver/Src/stm32h7xx_hal_pcd.o
 .comment       0x00000043       0x44 ./Drivers/STM32H7xx_HAL_Driver/Src/stm32h7xx_hal_pcd_ex.o
 .comment       0x00000043       0x44 ./Drivers/STM32H7xx_HAL_Driver/Src/stm32h7xx_hal_pwr_ex.o
 .comment       0x00000043       0x44 ./Drivers/STM32H7xx_HAL_Driver/Src/stm32h7xx_hal_rcc.o
 .comment       0x00000043       0x44 ./Drivers/STM32H7xx_HAL_Driver/Src/stm32h7xx_hal_rcc_ex.o
 .comment       0x00000043       0x44 ./Drivers/STM32H7xx_HAL_Driver/Src/stm32h7xx_hal_uart.o
 .comment       0x00000043       0x44 ./Drivers/STM32H7xx_HAL_Driver/Src/stm32h7xx_hal_uart_ex.o
 .comment       0x00000043       0x44 ./Drivers/STM32H7xx_HAL_Driver/Src/stm32h7xx_ll_usb.o
 .comment       0x00000043       0x44 ./Libs/tinyusb/src/class/cdc/cdc_device.o
 .comment       0x00000043       0x44 ./Libs/tinyusb/src/common/tusb_fifo.o
 .comment       0x00000043       0x44 ./Libs/tinyusb/src/device/usbd.o
 .comment       0x00000043       0x44 ./Libs/tinyusb/src/device/usbd_control.o
 .comment       0x00000043       0x44 ./Libs/tinyusb/src/portable/synopsys/dwc2/dcd_dwc2.o
 .comment       0x00000043       0x44 ./Libs/tinyusb/src/portable/synopsys/dwc2/dwc2_common.o
 .comment       0x00000043       0x44 ./Libs/tinyusb/src/tusb.o

.debug_frame    0x00000000     0x5404
 .debug_frame   0x00000000      0x154 ./Core/Src/main.o
 .debug_frame   0x00000154       0xcc ./Core/Src/stm32h7xx_hal_msp.o
 .debug_frame   0x00000220      0x120 ./Core/Src/stm32h7xx_it.o
 .debug_frame   0x00000340       0xa4 ./Core/Src/usb_descriptors.o
 .debug_frame   0x000003e4       0x58 ./Drivers/CMSIS/Device/ST/STM32H7xx/Source/Templates/system_stm32h7xx.o
 .debug_frame   0x0000043c      0x760 ./Drivers/STM32H7xx_HAL_Driver/Src/stm32h7xx_hal.o